Java HotSpot(TM) 64-Bit Server VM (25.73-b02) for linux-amd64 JRE (1.8.0_73-b02), built on Jan 29 2016 17:39:45 by "java_re" with gcc 4.3.0 20080428 (Red Hat 4.3.0-8)
Memory: 4k page, physical 15898136k(1057908k free), swap 7811068k(7765524k free)
CommandLine flags: -XX:+DisableExplicitGC -XX:InitialHeapSize=1073741824 -XX:InitiatingHeapOccupancyPercent=35 -XX:+ManagementServer -XX:MaxGCPauseMillis=20 -XX:MaxHeapSize=1073741824 -XX:+PrintGC -XX:+PrintGCDateStamps -XX:+PrintGCDetails -XX:+PrintGCTimeStamps -XX:+UseCompressedClassPointers -XX:+UseCompressedOops -XX:+UseG1GC 
2016-05-12T09:45:59.093-0300: 1,165: [GC pause (G1 Evacuation Pause) (young), 0,0364781 secs]
   [Parallel Time: 12,6 ms, GC Workers: 8]
      [GC Worker Start (ms): Min: 1165,1, Avg: 1165,1, Max: 1165,2, Diff: 0,1]
      [Ext Root Scanning (ms): Min: 1,1, Avg: 2,4, Max: 7,8, Diff: 6,7, Sum: 19,1]
      [Update RS (ms): Min: 0,0, Avg: 0,0, Max: 0,0, Diff: 0,0, Sum: 0,0]
         [Processed Buffers: Min: 0, Avg: 0,0, Max: 0, Diff: 0, Sum: 0]
      [Scan RS (ms): Min: 0,0, Avg: 0,0, Max: 0,0, Diff: 0,0, Sum: 0,1]
      [Code Root Scanning (ms): Min: 0,0, Avg: 0,1, Max: 0,3, Diff: 0,3, Sum: 0,8]
      [Object Copy (ms): Min: 4,0, Avg: 9,5, Max: 11,1, Diff: 7,1, Sum: 76,2]
      [Termination (ms): Min: 0,1, Avg: 0,3, Max: 0,5, Diff: 0,4, Sum: 2,8]
         [Termination Attempts: Min: 1, Avg: 126,4, Max: 236, Diff: 235, Sum: 1011]
      [GC Worker Other (ms): Min: 0,0, Avg: 0,0, Max: 0,0, Diff: 0,0, Sum: 0,1]
      [GC Worker Total (ms): Min: 12,3, Avg: 12,4, Max: 12,4, Diff: 0,1, Sum: 99,1]
      [GC Worker End (ms): Min: 1177,5, Avg: 1177,5, Max: 1177,6, Diff: 0,0]
   [Code Root Fixup: 0,2 ms]
   [Code Root Purge: 0,0 ms]
   [Clear CT: 0,3 ms]
   [Other: 23,3 ms]
      [Choose CSet: 0,0 ms]
      [Ref Proc: 22,8 ms]
      [Ref Enq: 0,0 ms]
      [Redirty Cards: 0,1 ms]
      [Humongous Register: 0,0 ms]
      [Humongous Reclaim: 0,0 ms]
      [Free CSet: 0,1 ms]
   [Eden: 51,0M(51,0M)->0,0B(44,0M) Survivors: 0,0B->7168,0K Heap: 179,0M(1024,0M)->137,5M(1024,0M)]
 [Times: user=0,11 sys=0,06, real=0,03 secs] 
2016-05-12T09:47:25.067-0300: 87,139: [GC pause (Metadata GC Threshold) (young) (initial-mark), 0,0186775 secs]
   [Parallel Time: 12,6 ms, GC Workers: 8]
      [GC Worker Start (ms): Min: 87138,9, Avg: 87139,5, Max: 87142,8, Diff: 3,9]
      [Ext Root Scanning (ms): Min: 1,0, Avg: 5,8, Max: 12,2, Diff: 11,1, Sum: 46,2]
      [Update RS (ms): Min: 0,0, Avg: 0,1, Max: 0,2, Diff: 0,2, Sum: 0,6]
         [Processed Buffers: Min: 0, Avg: 0,4, Max: 1, Diff: 1, Sum: 3]
      [Scan RS (ms): Min: 0,0, Avg: 0,0, Max: 0,0, Diff: 0,0, Sum: 0,1]
      [Code Root Scanning (ms): Min: 0,0, Avg: 0,3, Max: 1,8, Diff: 1,8, Sum: 2,6]
      [Object Copy (ms): Min: 0,1, Avg: 5,5, Max: 7,9, Diff: 7,8, Sum: 44,0]
      [Termination (ms): Min: 0,0, Avg: 0,1, Max: 0,2, Diff: 0,2, Sum: 0,9]
         [Termination Attempts: Min: 1, Avg: 9,4, Max: 17, Diff: 16, Sum: 75]
      [GC Worker Other (ms): Min: 0,0, Avg: 0,0, Max: 0,0, Diff: 0,0, Sum: 0,1]
      [GC Worker Total (ms): Min: 8,5, Avg: 11,8, Max: 12,5, Diff: 3,9, Sum: 94,5]
      [GC Worker End (ms): Min: 87151,3, Avg: 87151,3, Max: 87151,3, Diff: 0,0]
   [Code Root Fixup: 0,4 ms]
   [Code Root Purge: 0,0 ms]
   [Clear CT: 0,2 ms]
   [Other: 5,5 ms]
      [Choose CSet: 0,0 ms]
      [Ref Proc: 4,9 ms]
      [Ref Enq: 0,0 ms]
      [Redirty Cards: 0,1 ms]
      [Humongous Register: 0,0 ms]
      [Humongous Reclaim: 0,0 ms]
      [Free CSet: 0,1 ms]
   [Eden: 42,0M(44,0M)->0,0B(44,0M) Survivors: 7168,0K->7168,0K Heap: 179,1M(1024,0M)->142,1M(1024,0M)]
 [Times: user=0,04 sys=0,04, real=0,02 secs] 
2016-05-12T09:47:25.086-0300: 87,157: [GC concurrent-root-region-scan-start]
2016-05-12T09:47:25.089-0300: 87,161: [GC concurrent-root-region-scan-end, 0,0031320 secs]
2016-05-12T09:47:25.089-0300: 87,161: [GC concurrent-mark-start]
2016-05-12T09:47:25.098-0300: 87,169: [GC concurrent-mark-end, 0,0086752 secs]
2016-05-12T09:47:25.098-0300: 87,169: [GC remark 2016-05-12T09:47:25.098-0300: 87,170: [Finalize Marking, 0,0025901 secs] 2016-05-12T09:47:25.101-0300: 87,172: [GC ref-proc, 0,0002083 secs] 2016-05-12T09:47:25.101-0300: 87,172: [Unloading, 0,0076299 secs], 0,0119362 secs]
 [Times: user=0,06 sys=0,00, real=0,01 secs] 
2016-05-12T09:47:25.110-0300: 87,182: [GC cleanup 143M->141M(1024M), 0,0013127 secs]
 [Times: user=0,01 sys=0,00, real=0,00 secs] 
2016-05-12T09:47:25.112-0300: 87,183: [GC concurrent-cleanup-start]
2016-05-12T09:47:25.112-0300: 87,183: [GC concurrent-cleanup-end, 0,0000248 secs]
2016-05-12T09:51:32.975-0300: 335,046: [GC pause (G1 Evacuation Pause) (young), 0,0117315 secs]
   [Parallel Time: 6,8 ms, GC Workers: 8]
      [GC Worker Start (ms): Min: 335046,6, Avg: 335046,7, Max: 335046,9, Diff: 0,3]
      [Ext Root Scanning (ms): Min: 1,1, Avg: 2,0, Max: 6,4, Diff: 5,3, Sum: 15,7]
      [Update RS (ms): Min: 0,0, Avg: 0,7, Max: 1,2, Diff: 1,2, Sum: 5,6]
         [Processed Buffers: Min: 0, Avg: 4,8, Max: 15, Diff: 15, Sum: 38]
      [Scan RS (ms): Min: 0,0, Avg: 0,2, Max: 0,6, Diff: 0,6, Sum: 1,9]
      [Code Root Scanning (ms): Min: 0,0, Avg: 0,2, Max: 0,6, Diff: 0,6, Sum: 1,5]
      [Object Copy (ms): Min: 0,0, Avg: 3,2, Max: 3,9, Diff: 3,8, Sum: 25,6]
      [Termination (ms): Min: 0,0, Avg: 0,1, Max: 0,3, Diff: 0,3, Sum: 1,1]
         [Termination Attempts: Min: 1, Avg: 2,1, Max: 3, Diff: 2, Sum: 17]
      [GC Worker Other (ms): Min: 0,0, Avg: 0,0, Max: 0,0, Diff: 0,0, Sum: 0,2]
      [GC Worker Total (ms): Min: 6,2, Avg: 6,5, Max: 6,6, Diff: 0,3, Sum: 51,6]
      [GC Worker End (ms): Min: 335053,1, Avg: 335053,2, Max: 335053,3, Diff: 0,1]
   [Code Root Fixup: 0,4 ms]
   [Code Root Purge: 0,0 ms]
   [Clear CT: 0,2 ms]
   [Other: 4,3 ms]
      [Choose CSet: 0,0 ms]
      [Ref Proc: 3,8 ms]
      [Ref Enq: 0,0 ms]
      [Redirty Cards: 0,1 ms]
      [Humongous Register: 0,1 ms]
      [Humongous Reclaim: 0,0 ms]
      [Free CSet: 0,1 ms]
   [Eden: 44,0M(44,0M)->0,0B(45,0M) Survivors: 7168,0K->6144,0K Heap: 184,1M(1024,0M)->138,8M(1024,0M)]
 [Times: user=0,06 sys=0,01, real=0,01 secs] 
2016-05-12T09:55:00.616-0300: 542,687: [GC pause (G1 Evacuation Pause) (young), 0,0072957 secs]
   [Parallel Time: 5,7 ms, GC Workers: 8]
      [GC Worker Start (ms): Min: 542687,5, Avg: 542688,5, Max: 542692,7, Diff: 5,2]
      [Ext Root Scanning (ms): Min: 0,0, Avg: 0,7, Max: 1,2, Diff: 1,2, Sum: 5,8]
      [Update RS (ms): Min: 0,0, Avg: 0,2, Max: 0,4, Diff: 0,4, Sum: 1,6]
         [Processed Buffers: Min: 0, Avg: 2,6, Max: 11, Diff: 11, Sum: 21]
      [Scan RS (ms): Min: 0,0, Avg: 0,0, Max: 0,0, Diff: 0,0, Sum: 0,1]
      [Code Root Scanning (ms): Min: 0,0, Avg: 1,0, Max: 4,0, Diff: 4,0, Sum: 8,3]
      [Object Copy (ms): Min: 0,0, Avg: 2,2, Max: 3,6, Diff: 3,6, Sum: 17,5]
      [Termination (ms): Min: 0,0, Avg: 0,4, Max: 0,5, Diff: 0,5, Sum: 2,9]
         [Termination Attempts: Min: 1, Avg: 1,0, Max: 1, Diff: 0, Sum: 8]
      [GC Worker Other (ms): Min: 0,0, Avg: 0,0, Max: 0,0, Diff: 0,0, Sum: 0,1]
      [GC Worker Total (ms): Min: 0,4, Avg: 4,5, Max: 5,6, Diff: 5,2, Sum: 36,4]
      [GC Worker End (ms): Min: 542693,1, Avg: 542693,1, Max: 542693,1, Diff: 0,0]
   [Code Root Fixup: 0,4 ms]
   [Code Root Purge: 0,0 ms]
   [Clear CT: 0,2 ms]
   [Other: 1,0 ms]
      [Choose CSet: 0,0 ms]
      [Ref Proc: 0,4 ms]
      [Ref Enq: 0,0 ms]
      [Redirty Cards: 0,1 ms]
      [Humongous Register: 0,1 ms]
      [Humongous Reclaim: 0,0 ms]
      [Free CSet: 0,1 ms]
   [Eden: 45,0M(45,0M)->0,0B(45,0M) Survivors: 6144,0K->6144,0K Heap: 183,8M(1024,0M)->138,9M(1024,0M)]
 [Times: user=0,04 sys=0,00, real=0,00 secs] 
2016-05-12T09:58:32.794-0300: 754,865: [GC pause (G1 Evacuation Pause) (young), 0,0067741 secs]
   [Parallel Time: 5,3 ms, GC Workers: 8]
      [GC Worker Start (ms): Min: 754865,4, Avg: 754865,4, Max: 754865,5, Diff: 0,1]
      [Ext Root Scanning (ms): Min: 1,3, Avg: 1,3, Max: 1,4, Diff: 0,1, Sum: 10,7]
      [Update RS (ms): Min: 0,0, Avg: 0,2, Max: 0,5, Diff: 0,4, Sum: 1,7]
         [Processed Buffers: Min: 1, Avg: 2,2, Max: 5, Diff: 4, Sum: 18]
      [Scan RS (ms): Min: 0,0, Avg: 0,0, Max: 0,0, Diff: 0,0, Sum: 0,1]
      [Code Root Scanning (ms): Min: 0,0, Avg: 0,6, Max: 3,6, Diff: 3,6, Sum: 5,0]
      [Object Copy (ms): Min: 0,1, Avg: 2,8, Max: 3,3, Diff: 3,2, Sum: 22,5]
      [Termination (ms): Min: 0,0, Avg: 0,1, Max: 0,1, Diff: 0,1, Sum: 0,6]
         [Termination Attempts: Min: 1, Avg: 1,0, Max: 1, Diff: 0, Sum: 8]
      [GC Worker Other (ms): Min: 0,0, Avg: 0,0, Max: 0,0, Diff: 0,0, Sum: 0,2]
      [GC Worker Total (ms): Min: 5,1, Avg: 5,1, Max: 5,2, Diff: 0,1, Sum: 40,9]
      [GC Worker End (ms): Min: 754870,5, Avg: 754870,5, Max: 754870,6, Diff: 0,0]
   [Code Root Fixup: 0,3 ms]
   [Code Root Purge: 0,0 ms]
   [Clear CT: 0,2 ms]
   [Other: 1,0 ms]
      [Choose CSet: 0,0 ms]
      [Ref Proc: 0,3 ms]
      [Ref Enq: 0,0 ms]
      [Redirty Cards: 0,2 ms]
      [Humongous Register: 0,1 ms]
      [Humongous Reclaim: 0,0 ms]
      [Free CSet: 0,1 ms]
   [Eden: 45,0M(45,0M)->0,0B(46,0M) Survivors: 6144,0K->5120,0K Heap: 183,9M(1024,0M)->137,3M(1024,0M)]
 [Times: user=0,04 sys=0,00, real=0,00 secs] 
2016-05-12T10:02:21.765-0300: 983,836: [GC pause (G1 Evacuation Pause) (young), 0,0090248 secs]
   [Parallel Time: 7,3 ms, GC Workers: 8]
      [GC Worker Start (ms): Min: 983836,6, Avg: 983837,0, Max: 983839,3, Diff: 2,7]
      [Ext Root Scanning (ms): Min: 0,0, Avg: 1,4, Max: 1,7, Diff: 1,7, Sum: 11,1]
      [Update RS (ms): Min: 0,0, Avg: 0,3, Max: 0,6, Diff: 0,6, Sum: 2,3]
         [Processed Buffers: Min: 0, Avg: 2,2, Max: 12, Diff: 12, Sum: 18]
      [Scan RS (ms): Min: 0,0, Avg: 0,0, Max: 0,0, Diff: 0,0, Sum: 0,1]
      [Code Root Scanning (ms): Min: 0,0, Avg: 0,7, Max: 4,6, Diff: 4,6, Sum: 5,7]
      [Object Copy (ms): Min: 0,5, Avg: 4,3, Max: 5,1, Diff: 4,7, Sum: 34,4]
      [Termination (ms): Min: 0,0, Avg: 0,0, Max: 0,0, Diff: 0,0, Sum: 0,0]
         [Termination Attempts: Min: 1, Avg: 1,0, Max: 1, Diff: 0, Sum: 8]
      [GC Worker Other (ms): Min: 0,0, Avg: 0,0, Max: 0,1, Diff: 0,0, Sum: 0,3]
      [GC Worker Total (ms): Min: 4,5, Avg: 6,8, Max: 7,1, Diff: 2,7, Sum: 54,1]
      [GC Worker End (ms): Min: 983843,8, Avg: 983843,8, Max: 983843,8, Diff: 0,0]
   [Code Root Fixup: 0,4 ms]
   [Code Root Purge: 0,0 ms]
   [Clear CT: 0,2 ms]
   [Other: 1,1 ms]
      [Choose CSet: 0,0 ms]
      [Ref Proc: 0,4 ms]
      [Ref Enq: 0,0 ms]
      [Redirty Cards: 0,2 ms]
      [Humongous Register: 0,1 ms]
      [Humongous Reclaim: 0,0 ms]
      [Free CSet: 0,1 ms]
   [Eden: 46,0M(46,0M)->0,0B(46,0M) Survivors: 5120,0K->5120,0K Heap: 183,3M(1024,0M)->137,9M(1024,0M)]
 [Times: user=0,05 sys=0,00, real=0,02 secs] 
2016-05-12T10:06:10.407-0300: 1212,478: [GC pause (G1 Evacuation Pause) (young), 0,0058242 secs]
   [Parallel Time: 4,7 ms, GC Workers: 8]
      [GC Worker Start (ms): Min: 1212478,4, Avg: 1212480,2, Max: 1212483,0, Diff: 4,5]
      [Ext Root Scanning (ms): Min: 0,0, Avg: 0,8, Max: 1,3, Diff: 1,3, Sum: 6,1]
      [Update RS (ms): Min: 0,0, Avg: 0,2, Max: 0,6, Diff: 0,6, Sum: 1,8]
         [Processed Buffers: Min: 0, Avg: 2,6, Max: 9, Diff: 9, Sum: 21]
      [Scan RS (ms): Min: 0,0, Avg: 0,0, Max: 0,0, Diff: 0,0, Sum: 0,1]
      [Code Root Scanning (ms): Min: 0,0, Avg: 0,1, Max: 0,3, Diff: 0,3, Sum: 0,9]
      [Object Copy (ms): Min: 0,0, Avg: 1,6, Max: 2,6, Diff: 2,6, Sum: 12,4]
      [Termination (ms): Min: 0,0, Avg: 0,2, Max: 0,3, Diff: 0,3, Sum: 1,4]
         [Termination Attempts: Min: 1, Avg: 1,0, Max: 1, Diff: 0, Sum: 8]
      [GC Worker Other (ms): Min: 0,0, Avg: 0,0, Max: 0,0, Diff: 0,0, Sum: 0,1]
      [GC Worker Total (ms): Min: 0,0, Avg: 2,9, Max: 4,6, Diff: 4,5, Sum: 22,8]
      [GC Worker End (ms): Min: 1212483,0, Avg: 1212483,0, Max: 1212483,0, Diff: 0,0]
   [Code Root Fixup: 0,2 ms]
   [Code Root Purge: 0,0 ms]
   [Clear CT: 0,2 ms]
   [Other: 0,8 ms]
      [Choose CSet: 0,0 ms]
      [Ref Proc: 0,3 ms]
      [Ref Enq: 0,0 ms]
      [Redirty Cards: 0,1 ms]
      [Humongous Register: 0,1 ms]
      [Humongous Reclaim: 0,0 ms]
      [Free CSet: 0,1 ms]
   [Eden: 46,0M(46,0M)->0,0B(56,0M) Survivors: 5120,0K->4096,0K Heap: 183,9M(1024,0M)->136,4M(1024,0M)]
 [Times: user=0,02 sys=0,00, real=0,00 secs] 
2016-05-12T10:10:49.874-0300: 1491,945: [GC pause (G1 Evacuation Pause) (young), 0,0086477 secs]
   [Parallel Time: 7,4 ms, GC Workers: 8]
      [GC Worker Start (ms): Min: 1491945,5, Avg: 1491946,9, Max: 1491952,7, Diff: 7,2]
      [Ext Root Scanning (ms): Min: 0,0, Avg: 1,2, Max: 1,9, Diff: 1,9, Sum: 10,0]
      [Update RS (ms): Min: 0,0, Avg: 0,2, Max: 0,5, Diff: 0,5, Sum: 1,9]
         [Processed Buffers: Min: 0, Avg: 2,1, Max: 10, Diff: 10, Sum: 17]
      [Scan RS (ms): Min: 0,0, Avg: 0,0, Max: 0,1, Diff: 0,1, Sum: 0,2]
      [Code Root Scanning (ms): Min: 0,0, Avg: 0,2, Max: 0,8, Diff: 0,8, Sum: 1,2]
      [Object Copy (ms): Min: 0,0, Avg: 4,1, Max: 5,2, Diff: 5,2, Sum: 33,0]
      [Termination (ms): Min: 0,0, Avg: 0,1, Max: 0,1, Diff: 0,1, Sum: 0,7]
         [Termination Attempts: Min: 1, Avg: 15,4, Max: 24, Diff: 23, Sum: 123]
      [GC Worker Other (ms): Min: 0,0, Avg: 0,0, Max: 0,1, Diff: 0,1, Sum: 0,2]
      [GC Worker Total (ms): Min: 0,0, Avg: 5,9, Max: 7,3, Diff: 7,3, Sum: 47,2]
      [GC Worker End (ms): Min: 1491952,8, Avg: 1491952,8, Max: 1491952,8, Diff: 0,1]
   [Code Root Fixup: 0,2 ms]
   [Code Root Purge: 0,0 ms]
   [Clear CT: 0,2 ms]
   [Other: 0,9 ms]
      [Choose CSet: 0,0 ms]
      [Ref Proc: 0,3 ms]
      [Ref Enq: 0,0 ms]
      [Redirty Cards: 0,2 ms]
      [Humongous Register: 0,1 ms]
      [Humongous Reclaim: 0,0 ms]
      [Free CSet: 0,1 ms]
   [Eden: 56,0M(56,0M)->0,0B(196,0M) Survivors: 4096,0K->5120,0K Heap: 192,4M(1024,0M)->137,9M(1024,0M)]
 [Times: user=0,05 sys=0,00, real=0,00 secs] 
2016-05-12T10:27:11.863-0300: 2473,934: [GC pause (G1 Evacuation Pause) (young), 0,0119958 secs]
   [Parallel Time: 8,6 ms, GC Workers: 8]
      [GC Worker Start (ms): Min: 2473934,3, Avg: 2473934,7, Max: 2473936,9, Diff: 2,6]
      [Ext Root Scanning (ms): Min: 0,0, Avg: 1,1, Max: 1,7, Diff: 1,7, Sum: 9,0]
      [Update RS (ms): Min: 0,0, Avg: 0,3, Max: 0,7, Diff: 0,7, Sum: 2,1]
         [Processed Buffers: Min: 0, Avg: 2,4, Max: 9, Diff: 9, Sum: 19]
      [Scan RS (ms): Min: 0,0, Avg: 0,1, Max: 0,1, Diff: 0,1, Sum: 0,7]
      [Code Root Scanning (ms): Min: 0,0, Avg: 0,1, Max: 0,9, Diff: 0,9, Sum: 1,2]
      [Object Copy (ms): Min: 5,2, Avg: 6,2, Max: 7,4, Diff: 2,1, Sum: 49,2]
      [Termination (ms): Min: 0,0, Avg: 0,2, Max: 0,4, Diff: 0,3, Sum: 1,3]
         [Termination Attempts: Min: 1, Avg: 37,1, Max: 63, Diff: 62, Sum: 297]
      [GC Worker Other (ms): Min: 0,0, Avg: 0,0, Max: 0,1, Diff: 0,0, Sum: 0,2]
      [GC Worker Total (ms): Min: 5,7, Avg: 8,0, Max: 8,3, Diff: 2,7, Sum: 63,7]
      [GC Worker End (ms): Min: 2473942,6, Avg: 2473942,7, Max: 2473942,8, Diff: 0,2]
   [Code Root Fixup: 0,3 ms]
   [Code Root Purge: 0,0 ms]
   [Clear CT: 0,3 ms]
   [Other: 2,8 ms]
      [Choose CSet: 0,0 ms]
      [Ref Proc: 1,9 ms]
      [Ref Enq: 0,0 ms]
      [Redirty Cards: 0,2 ms]
      [Humongous Register: 0,1 ms]
      [Humongous Reclaim: 0,0 ms]
      [Free CSet: 0,3 ms]
   [Eden: 196,0M(196,0M)->0,0B(401,0M) Survivors: 5120,0K->5120,0K Heap: 333,9M(1024,0M)->138,0M(1024,0M)]
 [Times: user=0,07 sys=0,00, real=0,02 secs] 
2016-05-12T11:00:54.278-0300: 4496,350: [GC pause (G1 Evacuation Pause) (young), 0,0122702 secs]
   [Parallel Time: 7,3 ms, GC Workers: 8]
      [GC Worker Start (ms): Min: 4496350,0, Avg: 4496352,9, Max: 4496357,2, Diff: 7,2]
      [Ext Root Scanning (ms): Min: 0,0, Avg: 0,6, Max: 1,6, Diff: 1,5, Sum: 4,4]
      [Update RS (ms): Min: 0,0, Avg: 0,1, Max: 0,4, Diff: 0,4, Sum: 1,2]
         [Processed Buffers: Min: 0, Avg: 2,5, Max: 13, Diff: 13, Sum: 20]
      [Scan RS (ms): Min: 0,0, Avg: 0,1, Max: 0,2, Diff: 0,2, Sum: 0,7]
      [Code Root Scanning (ms): Min: 0,0, Avg: 0,1, Max: 0,6, Diff: 0,6, Sum: 0,9]
      [Object Copy (ms): Min: 0,0, Avg: 3,3, Max: 5,0, Diff: 5,0, Sum: 26,6]
      [Termination (ms): Min: 0,0, Avg: 0,1, Max: 0,1, Diff: 0,1, Sum: 0,6]
         [Termination Attempts: Min: 1, Avg: 11,2, Max: 19, Diff: 18, Sum: 90]
      [GC Worker Other (ms): Min: 0,0, Avg: 0,0, Max: 0,1, Diff: 0,1, Sum: 0,3]
      [GC Worker Total (ms): Min: 0,0, Avg: 4,3, Max: 7,2, Diff: 7,2, Sum: 34,6]
      [GC Worker End (ms): Min: 4496357,2, Avg: 4496357,3, Max: 4496357,3, Diff: 0,1]
   [Code Root Fixup: 0,2 ms]
   [Code Root Purge: 0,0 ms]
   [Clear CT: 0,4 ms]
   [Other: 4,3 ms]
      [Choose CSet: 0,0 ms]
      [Ref Proc: 3,1 ms]
      [Ref Enq: 0,0 ms]
      [Redirty Cards: 0,1 ms]
      [Humongous Register: 0,1 ms]
      [Humongous Reclaim: 0,1 ms]
      [Free CSet: 0,6 ms]
   [Eden: 401,0M(401,0M)->0,0B(537,0M) Survivors: 5120,0K->4096,0K Heap: 539,0M(1024,0M)->136,7M(1024,0M)]
 [Times: user=0,05 sys=0,00, real=0,01 secs] 
2016-05-12T11:46:20.128-0300: 7222,199: [GC pause (G1 Evacuation Pause) (young), 0,0205860 secs]
   [Parallel Time: 15,2 ms, GC Workers: 8]
      [GC Worker Start (ms): Min: 7222199,3, Avg: 7222200,3, Max: 7222205,0, Diff: 5,6]
      [Ext Root Scanning (ms): Min: 0,0, Avg: 1,2, Max: 2,2, Diff: 2,2, Sum: 9,5]
      [Update RS (ms): Min: 0,0, Avg: 0,3, Max: 1,5, Diff: 1,5, Sum: 2,7]
         [Processed Buffers: Min: 0, Avg: 2,4, Max: 12, Diff: 12, Sum: 19]
      [Scan RS (ms): Min: 0,0, Avg: 0,2, Max: 0,4, Diff: 0,4, Sum: 1,8]
      [Code Root Scanning (ms): Min: 0,0, Avg: 0,2, Max: 1,3, Diff: 1,3, Sum: 1,4]
      [Object Copy (ms): Min: 3,8, Avg: 6,0, Max: 8,8, Diff: 5,0, Sum: 47,8]
      [Termination (ms): Min: 0,0, Avg: 2,9, Max: 7,1, Diff: 7,1, Sum: 23,2]
         [Termination Attempts: Min: 1, Avg: 1,5, Max: 3, Diff: 2, Sum: 12]
      [GC Worker Other (ms): Min: 0,0, Avg: 0,1, Max: 0,2, Diff: 0,2, Sum: 1,0]
      [GC Worker Total (ms): Min: 5,7, Avg: 10,9, Max: 14,8, Diff: 9,1, Sum: 87,5]
      [GC Worker End (ms): Min: 7222210,7, Avg: 7222211,2, Max: 7222214,2, Diff: 3,5]
   [Code Root Fixup: 0,3 ms]
   [Code Root Purge: 0,0 ms]
   [Clear CT: 0,6 ms]
   [Other: 4,5 ms]
      [Choose CSet: 0,0 ms]
      [Ref Proc: 3,7 ms]
      [Ref Enq: 0,0 ms]
      [Redirty Cards: 0,1 ms]
      [Humongous Register: 0,0 ms]
      [Humongous Reclaim: 0,0 ms]
      [Free CSet: 0,4 ms]
   [Eden: 537,0M(537,0M)->0,0B(500,0M) Survivors: 4096,0K->5120,0K Heap: 673,7M(1024,0M)->137,4M(1024,0M)]
 [Times: user=0,06 sys=0,03, real=0,02 secs] 
2016-05-12T12:28:54.119-0300: 9776,190: [GC pause (G1 Evacuation Pause) (young), 0,0112110 secs]
   [Parallel Time: 6,3 ms, GC Workers: 8]
      [GC Worker Start (ms): Min: 9776190,3, Avg: 9776192,2, Max: 9776196,3, Diff: 6,0]
      [Ext Root Scanning (ms): Min: 0,0, Avg: 0,9, Max: 1,6, Diff: 1,6, Sum: 7,5]
      [Update RS (ms): Min: 0,0, Avg: 0,3, Max: 0,9, Diff: 0,9, Sum: 2,1]
         [Processed Buffers: Min: 0, Avg: 2,6, Max: 8, Diff: 8, Sum: 21]
      [Scan RS (ms): Min: 0,0, Avg: 0,3, Max: 0,5, Diff: 0,5, Sum: 2,2]
      [Code Root Scanning (ms): Min: 0,0, Avg: 0,2, Max: 0,7, Diff: 0,7, Sum: 1,6]
      [Object Copy (ms): Min: 0,0, Avg: 2,3, Max: 3,4, Diff: 3,4, Sum: 18,4]
      [Termination (ms): Min: 0,0, Avg: 0,2, Max: 0,3, Diff: 0,3, Sum: 1,8]
         [Termination Attempts: Min: 1, Avg: 4,4, Max: 7, Diff: 6, Sum: 35]
      [GC Worker Other (ms): Min: 0,0, Avg: 0,0, Max: 0,1, Diff: 0,1, Sum: 0,3]
      [GC Worker Total (ms): Min: 0,0, Avg: 4,2, Max: 6,1, Diff: 6,1, Sum: 33,9]
      [GC Worker End (ms): Min: 9776196,4, Avg: 9776196,4, Max: 9776196,5, Diff: 0,1]
   [Code Root Fixup: 0,4 ms]
   [Code Root Purge: 0,0 ms]
   [Clear CT: 0,7 ms]
   [Other: 3,8 ms]
      [Choose CSet: 0,0 ms]
      [Ref Proc: 2,9 ms]
      [Ref Enq: 0,0 ms]
      [Redirty Cards: 0,2 ms]
      [Humongous Register: 0,0 ms]
      [Humongous Reclaim: 0,0 ms]
      [Free CSet: 0,5 ms]
   [Eden: 500,0M(500,0M)->0,0B(611,0M) Survivors: 5120,0K->3072,0K Heap: 637,4M(1024,0M)->136,1M(1024,0M)]
 [Times: user=0,05 sys=0,01, real=0,01 secs] 
2016-05-12T13:20:52.443-0300: 12894,515: [GC pause (G1 Evacuation Pause) (young), 0,0111152 secs]
   [Parallel Time: 8,6 ms, GC Workers: 8]
      [GC Worker Start (ms): Min: 12894515,1, Avg: 12894516,7, Max: 12894523,2, Diff: 8,0]
      [Ext Root Scanning (ms): Min: 0,0, Avg: 1,5, Max: 4,3, Diff: 4,3, Sum: 11,8]
      [Update RS (ms): Min: 0,0, Avg: 0,2, Max: 0,6, Diff: 0,6, Sum: 1,8]
         [Processed Buffers: Min: 0, Avg: 2,2, Max: 8, Diff: 8, Sum: 18]
      [Scan RS (ms): Min: 0,0, Avg: 0,3, Max: 0,5, Diff: 0,5, Sum: 2,2]
      [Code Root Scanning (ms): Min: 0,0, Avg: 0,2, Max: 0,9, Diff: 0,9, Sum: 1,6]
      [Object Copy (ms): Min: 0,0, Avg: 4,3, Max: 5,6, Diff: 5,6, Sum: 34,3]
      [Termination (ms): Min: 0,0, Avg: 0,4, Max: 0,5, Diff: 0,5, Sum: 3,0]
         [Termination Attempts: Min: 1, Avg: 1,2, Max: 2, Diff: 1, Sum: 10]
      [GC Worker Other (ms): Min: 0,0, Avg: 0,0, Max: 0,1, Diff: 0,1, Sum: 0,4]
      [GC Worker Total (ms): Min: 0,5, Avg: 6,9, Max: 8,5, Diff: 8,0, Sum: 55,0]
      [GC Worker End (ms): Min: 12894523,5, Avg: 12894523,6, Max: 12894523,6, Diff: 0,1]
   [Code Root Fixup: 0,2 ms]
   [Code Root Purge: 0,0 ms]
   [Clear CT: 0,7 ms]
   [Other: 1,6 ms]
      [Choose CSet: 0,0 ms]
      [Ref Proc: 0,8 ms]
      [Ref Enq: 0,0 ms]
      [Redirty Cards: 0,1 ms]
      [Humongous Register: 0,0 ms]
      [Humongous Reclaim: 0,0 ms]
      [Free CSet: 0,4 ms]
   [Eden: 611,0M(611,0M)->0,0B(609,0M) Survivors: 3072,0K->5120,0K Heap: 747,1M(1024,0M)->138,0M(1024,0M)]
 [Times: user=0,06 sys=0,00, real=0,02 secs] 
2016-05-12T14:02:41.002-0300: 15403,073: [GC pause (G1 Humongous Allocation) (young) (initial-mark), 0,0138412 secs]
   [Parallel Time: 10,0 ms, GC Workers: 8]
      [GC Worker Start (ms): Min: 15403073,2, Avg: 15403073,5, Max: 15403074,2, Diff: 1,0]
      [Ext Root Scanning (ms): Min: 0,0, Avg: 3,2, Max: 6,0, Diff: 6,0, Sum: 25,3]
      [Update RS (ms): Min: 0,0, Avg: 1,1, Max: 2,9, Diff: 2,9, Sum: 8,7]
         [Processed Buffers: Min: 0, Avg: 13,9, Max: 43, Diff: 43, Sum: 111]
      [Scan RS (ms): Min: 0,0, Avg: 0,7, Max: 3,9, Diff: 3,9, Sum: 5,4]
      [Code Root Scanning (ms): Min: 0,0, Avg: 0,2, Max: 0,7, Diff: 0,7, Sum: 1,5]
      [Object Copy (ms): Min: 0,0, Avg: 2,7, Max: 5,1, Diff: 5,1, Sum: 21,3]
      [Termination (ms): Min: 0,0, Avg: 1,6, Max: 2,1, Diff: 2,1, Sum: 13,1]
         [Termination Attempts: Min: 1, Avg: 1,4, Max: 3, Diff: 2, Sum: 11]
      [GC Worker Other (ms): Min: 0,0, Avg: 0,0, Max: 0,1, Diff: 0,0, Sum: 0,2]
      [GC Worker Total (ms): Min: 8,7, Avg: 9,5, Max: 9,9, Diff: 1,2, Sum: 75,6]
      [GC Worker End (ms): Min: 15403082,8, Avg: 15403082,9, Max: 15403083,1, Diff: 0,3]
   [Code Root Fixup: 0,4 ms]
   [Code Root Purge: 0,0 ms]
   [Clear CT: 0,4 ms]
   [Other: 3,1 ms]
      [Choose CSet: 0,0 ms]
      [Ref Proc: 1,8 ms]
      [Ref Enq: 0,0 ms]
      [Redirty Cards: 0,1 ms]
      [Humongous Register: 0,0 ms]
      [Humongous Reclaim: 0,3 ms]
      [Free CSet: 0,6 ms]
   [Eden: 564,0M(46,0M)->0,0B(607,0M) Survivors: 5120,0K->7168,0K Heap: 886,4M(1024,0M)->140,4M(1024,0M)]
 [Times: user=0,05 sys=0,01, real=0,02 secs] 
2016-05-12T14:02:41.016-0300: 15403,087: [GC concurrent-root-region-scan-start]
2016-05-12T14:02:41.019-0300: 15403,091: [GC concurrent-root-region-scan-end, 0,0038272 secs]
2016-05-12T14:02:41.019-0300: 15403,091: [GC concurrent-mark-start]
2016-05-12T14:02:41.050-0300: 15403,121: [GC concurrent-mark-end, 0,0301121 secs]
2016-05-12T14:02:41.052-0300: 15403,123: [GC remark 2016-05-12T14:02:41.052-0300: 15403,123: [Finalize Marking, 0,0022467 secs] 2016-05-12T14:02:41.054-0300: 15403,125: [GC ref-proc, 0,0003310 secs] 2016-05-12T14:02:41.054-0300: 15403,126: [Unloading, 0,0083535 secs], 0,0121700 secs]
 [Times: user=0,05 sys=0,00, real=0,01 secs] 
2016-05-12T14:02:41.065-0300: 15403,136: [GC cleanup 207M->207M(1024M), 0,0011361 secs]
 [Times: user=0,00 sys=0,00, real=0,01 secs] 
2016-05-12T14:05:35.128-0300: 15577,199: [GC pause (G1 Evacuation Pause) (young), 0,0091085 secs]
   [Parallel Time: 7,6 ms, GC Workers: 8]
      [GC Worker Start (ms): Min: 15577199,5, Avg: 15577201,2, Max: 15577204,0, Diff: 4,5]
      [Ext Root Scanning (ms): Min: 0,0, Avg: 0,7, Max: 1,3, Diff: 1,3, Sum: 5,8]
      [Update RS (ms): Min: 0,0, Avg: 0,9, Max: 1,7, Diff: 1,7, Sum: 7,3]
         [Processed Buffers: Min: 0, Avg: 5,6, Max: 22, Diff: 22, Sum: 45]
      [Scan RS (ms): Min: 0,0, Avg: 0,2, Max: 0,4, Diff: 0,4, Sum: 1,6]
      [Code Root Scanning (ms): Min: 0,0, Avg: 0,2, Max: 0,6, Diff: 0,6, Sum: 1,5]
      [Object Copy (ms): Min: 2,8, Avg: 3,6, Max: 4,3, Diff: 1,5, Sum: 28,7]
      [Termination (ms): Min: 0,0, Avg: 0,1, Max: 0,2, Diff: 0,2, Sum: 0,5]
         [Termination Attempts: Min: 1, Avg: 5,9, Max: 9, Diff: 8, Sum: 47]
      [GC Worker Other (ms): Min: 0,0, Avg: 0,0, Max: 0,0, Diff: 0,0, Sum: 0,2]
      [GC Worker Total (ms): Min: 2,9, Avg: 5,7, Max: 7,4, Diff: 4,5, Sum: 45,6]
      [GC Worker End (ms): Min: 15577206,9, Avg: 15577206,9, Max: 15577207,0, Diff: 0,1]
   [Code Root Fixup: 0,3 ms]
   [Code Root Purge: 0,0 ms]
   [Clear CT: 0,2 ms]
   [Other: 1,0 ms]
      [Choose CSet: 0,0 ms]
      [Ref Proc: 0,3 ms]
      [Ref Enq: 0,0 ms]
      [Redirty Cards: 0,1 ms]
      [Humongous Register: 0,0 ms]
      [Humongous Reclaim: 0,2 ms]
      [Free CSet: 0,2 ms]
   [Eden: 44,0M(44,0M)->0,0B(607,0M) Survivors: 7168,0K->7168,0K Heap: 249,4M(1024,0M)->140,2M(1024,0M)]
 [Times: user=0,05 sys=0,00, real=0,01 secs] 
2016-05-12T14:39:10.128-0300: 17592,200: [GC pause (G1 Evacuation Pause) (young), 0,0313126 secs]
   [Parallel Time: 24,4 ms, GC Workers: 8]
      [GC Worker Start (ms): Min: 17592200,0, Avg: 17592200,7, Max: 17592202,4, Diff: 2,4]
      [Ext Root Scanning (ms): Min: 0,0, Avg: 0,8, Max: 1,4, Diff: 1,4, Sum: 6,5]
      [Update RS (ms): Min: 0,0, Avg: 0,4, Max: 1,0, Diff: 1,0, Sum: 3,3]
         [Processed Buffers: Min: 0, Avg: 3,8, Max: 13, Diff: 13, Sum: 30]
      [Scan RS (ms): Min: 0,0, Avg: 0,3, Max: 0,5, Diff: 0,5, Sum: 2,4]
      [Code Root Scanning (ms): Min: 0,0, Avg: 1,5, Max: 6,8, Diff: 6,8, Sum: 11,8]
      [Object Copy (ms): Min: 12,7, Avg: 18,2, Max: 20,8, Diff: 8,1, Sum: 145,2]
      [Termination (ms): Min: 0,0, Avg: 1,7, Max: 2,9, Diff: 2,9, Sum: 13,6]
         [Termination Attempts: Min: 1, Avg: 1,0, Max: 1, Diff: 0, Sum: 8]
      [GC Worker Other (ms): Min: 0,0, Avg: 0,1, Max: 0,5, Diff: 0,5, Sum: 0,8]
      [GC Worker Total (ms): Min: 20,9, Avg: 23,0, Max: 23,8, Diff: 2,9, Sum: 183,7]
      [GC Worker End (ms): Min: 17592223,3, Avg: 17592223,6, Max: 17592224,3, Diff: 1,1]
   [Code Root Fixup: 0,5 ms]
   [Code Root Purge: 0,0 ms]
   [Clear CT: 0,3 ms]
   [Other: 6,1 ms]
      [Choose CSet: 0,0 ms]
      [Ref Proc: 4,7 ms]
      [Ref Enq: 0,0 ms]
      [Redirty Cards: 0,5 ms]
      [Humongous Register: 0,1 ms]
      [Humongous Reclaim: 0,0 ms]
      [Free CSet: 0,5 ms]
   [Eden: 607,0M(607,0M)->0,0B(371,0M) Survivors: 7168,0K->16,0M Heap: 747,2M(1024,0M)->149,3M(1024,0M)]
 [Times: user=0,11 sys=0,01, real=0,03 secs] 
2016-05-12T15:06:10.128-0300: 19212,199: [GC pause (G1 Evacuation Pause) (young), 0,0256193 secs]
   [Parallel Time: 21,0 ms, GC Workers: 8]
      [GC Worker Start (ms): Min: 19212199,6, Avg: 19212202,5, Max: 19212209,0, Diff: 9,3]
      [Ext Root Scanning (ms): Min: 0,0, Avg: 0,8, Max: 1,5, Diff: 1,5, Sum: 6,6]
      [Update RS (ms): Min: 0,0, Avg: 0,3, Max: 0,8, Diff: 0,8, Sum: 2,6]
         [Processed Buffers: Min: 0, Avg: 2,5, Max: 13, Diff: 13, Sum: 20]
      [Scan RS (ms): Min: 0,0, Avg: 0,1, Max: 0,3, Diff: 0,3, Sum: 1,2]
      [Code Root Scanning (ms): Min: 0,0, Avg: 0,4, Max: 1,1, Diff: 1,1, Sum: 3,5]
      [Object Copy (ms): Min: 8,2, Avg: 13,2, Max: 15,3, Diff: 7,1, Sum: 105,4]
      [Termination (ms): Min: 0,0, Avg: 1,7, Max: 2,1, Diff: 2,1, Sum: 13,7]
         [Termination Attempts: Min: 1, Avg: 1,0, Max: 1, Diff: 0, Sum: 8]
      [GC Worker Other (ms): Min: 0,0, Avg: 0,0, Max: 0,0, Diff: 0,0, Sum: 0,2]
      [GC Worker Total (ms): Min: 10,2, Avg: 16,6, Max: 19,6, Diff: 9,4, Sum: 133,2]
      [GC Worker End (ms): Min: 19212219,2, Avg: 19212219,2, Max: 19212219,3, Diff: 0,2]
   [Code Root Fixup: 0,6 ms]
   [Code Root Purge: 0,0 ms]
   [Clear CT: 0,4 ms]
   [Other: 3,6 ms]
      [Choose CSet: 0,0 ms]
      [Ref Proc: 2,7 ms]
      [Ref Enq: 0,0 ms]
      [Redirty Cards: 0,2 ms]
      [Humongous Register: 0,0 ms]
      [Humongous Reclaim: 0,0 ms]
      [Free CSet: 0,4 ms]
   [Eden: 371,0M(371,0M)->0,0B(37,0M) Survivors: 16,0M->14,0M Heap: 520,3M(1024,0M)->147,8M(1024,0M)]
 [Times: user=0,13 sys=0,00, real=0,03 secs] 
2016-05-12T15:08:51.941-0300: 19374,012: [GC pause (G1 Evacuation Pause) (young), 0,0167401 secs]
   [Parallel Time: 14,9 ms, GC Workers: 8]
      [GC Worker Start (ms): Min: 19374012,5, Avg: 19374013,8, Max: 19374017,0, Diff: 4,5]
      [Ext Root Scanning (ms): Min: 0,0, Avg: 1,1, Max: 1,7, Diff: 1,7, Sum: 8,7]
      [Update RS (ms): Min: 0,0, Avg: 1,0, Max: 1,8, Diff: 1,8, Sum: 8,3]
         [Processed Buffers: Min: 0, Avg: 3,0, Max: 7, Diff: 7, Sum: 24]
      [Scan RS (ms): Min: 0,0, Avg: 0,0, Max: 0,1, Diff: 0,0, Sum: 0,2]
      [Code Root Scanning (ms): Min: 0,0, Avg: 0,3, Max: 1,1, Diff: 1,1, Sum: 2,2]
      [Object Copy (ms): Min: 10,2, Avg: 10,9, Max: 11,7, Diff: 1,6, Sum: 87,6]
      [Termination (ms): Min: 0,0, Avg: 0,0, Max: 0,0, Diff: 0,0, Sum: 0,1]
         [Termination Attempts: Min: 1, Avg: 6,1, Max: 14, Diff: 13, Sum: 49]
      [GC Worker Other (ms): Min: 0,0, Avg: 0,0, Max: 0,1, Diff: 0,0, Sum: 0,3]
      [GC Worker Total (ms): Min: 10,2, Avg: 13,4, Max: 14,7, Diff: 4,5, Sum: 107,4]
      [GC Worker End (ms): Min: 19374027,2, Avg: 19374027,2, Max: 19374027,2, Diff: 0,0]
   [Code Root Fixup: 0,3 ms]
   [Code Root Purge: 0,0 ms]
   [Clear CT: 0,1 ms]
   [Other: 1,4 ms]
      [Choose CSet: 0,0 ms]
      [Ref Proc: 0,9 ms]
      [Ref Enq: 0,0 ms]
      [Redirty Cards: 0,1 ms]
      [Humongous Register: 0,0 ms]
      [Humongous Reclaim: 0,0 ms]
      [Free CSet: 0,1 ms]
   [Eden: 37,0M(37,0M)->0,0B(426,0M) Survivors: 14,0M->5120,0K Heap: 184,8M(1024,0M)->148,1M(1024,0M)]
 [Times: user=0,10 sys=0,00, real=0,02 secs] 
2016-05-12T15:40:07.893-0300: 21249,964: [GC pause (G1 Evacuation Pause) (young), 0,0159814 secs]
   [Parallel Time: 12,5 ms, GC Workers: 8]
      [GC Worker Start (ms): Min: 21249964,5, Avg: 21249966,2, Max: 21249969,0, Diff: 4,6]
      [Ext Root Scanning (ms): Min: 0,0, Avg: 1,0, Max: 1,7, Diff: 1,7, Sum: 8,2]
      [Update RS (ms): Min: 0,0, Avg: 3,9, Max: 9,5, Diff: 9,5, Sum: 31,6]
         [Processed Buffers: Min: 0, Avg: 5,5, Max: 15, Diff: 15, Sum: 44]
      [Scan RS (ms): Min: 0,0, Avg: 0,1, Max: 0,3, Diff: 0,3, Sum: 0,8]
      [Code Root Scanning (ms): Min: 0,0, Avg: 0,0, Max: 0,0, Diff: 0,0, Sum: 0,1]
      [Object Copy (ms): Min: 0,0, Avg: 4,1, Max: 9,2, Diff: 9,1, Sum: 32,6]
      [Termination (ms): Min: 0,0, Avg: 0,4, Max: 0,8, Diff: 0,8, Sum: 3,1]
         [Termination Attempts: Min: 1, Avg: 5,2, Max: 10, Diff: 9, Sum: 42]
      [GC Worker Other (ms): Min: 0,0, Avg: 0,1, Max: 0,4, Diff: 0,4, Sum: 1,1]
      [GC Worker Total (ms): Min: 6,7, Avg: 9,7, Max: 11,5, Diff: 4,8, Sum: 77,5]
      [GC Worker End (ms): Min: 21249975,8, Avg: 21249975,9, Max: 21249976,1, Diff: 0,3]
   [Code Root Fixup: 0,0 ms]
   [Code Root Purge: 0,0 ms]
   [Clear CT: 0,3 ms]
   [Other: 3,1 ms]
      [Choose CSet: 0,0 ms]
      [Ref Proc: 2,4 ms]
      [Ref Enq: 0,0 ms]
      [Redirty Cards: 0,1 ms]
      [Humongous Register: 0,0 ms]
      [Humongous Reclaim: 0,0 ms]
      [Free CSet: 0,3 ms]
   [Eden: 426,0M(426,0M)->0,0B(506,0M) Survivors: 5120,0K->5120,0K Heap: 574,1M(1024,0M)->147,9M(1024,0M)]
 [Times: user=0,08 sys=0,00, real=0,02 secs] 
2016-05-12T16:16:14.146-0300: 23416,217: [GC pause (G1 Evacuation Pause) (young), 0,0222130 secs]
   [Parallel Time: 13,8 ms, GC Workers: 8]
      [GC Worker Start (ms): Min: 23416217,7, Avg: 23416225,8, Max: 23416230,1, Diff: 12,4]
      [Ext Root Scanning (ms): Min: 0,0, Avg: 0,3, Max: 1,3, Diff: 1,3, Sum: 2,6]
      [Update RS (ms): Min: 0,0, Avg: 0,6, Max: 2,6, Diff: 2,6, Sum: 5,1]
         [Processed Buffers: Min: 0, Avg: 6,4, Max: 29, Diff: 29, Sum: 51]
      [Scan RS (ms): Min: 0,0, Avg: 0,1, Max: 0,3, Diff: 0,2, Sum: 0,6]
      [Code Root Scanning (ms): Min: 0,0, Avg: 0,0, Max: 0,0, Diff: 0,0, Sum: 0,1]
      [Object Copy (ms): Min: 0,0, Avg: 3,3, Max: 8,1, Diff: 8,1, Sum: 26,0]
      [Termination (ms): Min: 0,0, Avg: 1,1, Max: 1,3, Diff: 1,3, Sum: 8,9]
         [Termination Attempts: Min: 1, Avg: 4,4, Max: 13, Diff: 12, Sum: 35]
      [GC Worker Other (ms): Min: 0,0, Avg: 0,1, Max: 0,1, Diff: 0,1, Sum: 0,4]
      [GC Worker Total (ms): Min: 1,2, Avg: 5,5, Max: 13,7, Diff: 12,5, Sum: 43,7]
      [GC Worker End (ms): Min: 23416231,3, Avg: 23416231,3, Max: 23416231,4, Diff: 0,1]
   [Code Root Fixup: 0,0 ms]
   [Code Root Purge: 0,0 ms]
   [Clear CT: 0,2 ms]
   [Other: 8,1 ms]
      [Choose CSet: 0,0 ms]
      [Ref Proc: 7,3 ms]
      [Ref Enq: 0,0 ms]
      [Redirty Cards: 0,1 ms]
      [Humongous Register: 0,0 ms]
      [Humongous Reclaim: 0,0 ms]
      [Free CSet: 0,4 ms]
   [Eden: 506,0M(506,0M)->0,0B(130,0M) Survivors: 5120,0K->7168,0K Heap: 653,9M(1024,0M)->149,8M(1024,0M)]
 [Times: user=0,06 sys=0,00, real=0,02 secs] 
2016-05-12T16:24:11.610-0300: 23893,681: [GC pause (G1 Evacuation Pause) (young), 0,0309419 secs]
   [Parallel Time: 15,5 ms, GC Workers: 8]
      [GC Worker Start (ms): Min: 23893681,6, Avg: 23893688,6, Max: 23893696,4, Diff: 14,8]
      [Ext Root Scanning (ms): Min: 0,0, Avg: 0,3, Max: 1,1, Diff: 1,1, Sum: 2,3]
      [Update RS (ms): Min: 0,0, Avg: 0,5, Max: 2,1, Diff: 2,1, Sum: 4,1]
         [Processed Buffers: Min: 0, Avg: 6,0, Max: 34, Diff: 34, Sum: 48]
      [Scan RS (ms): Min: 0,0, Avg: 0,0, Max: 0,1, Diff: 0,1, Sum: 0,2]
      [Code Root Scanning (ms): Min: 0,0, Avg: 0,0, Max: 0,1, Diff: 0,1, Sum: 0,1]
      [Object Copy (ms): Min: 0,0, Avg: 6,9, Max: 12,0, Diff: 12,0, Sum: 55,6]
      [Termination (ms): Min: 0,0, Avg: 0,6, Max: 0,8, Diff: 0,8, Sum: 4,8]
         [Termination Attempts: Min: 1, Avg: 1,1, Max: 2, Diff: 1, Sum: 9]
      [GC Worker Other (ms): Min: 0,0, Avg: 0,0, Max: 0,0, Diff: 0,0, Sum: 0,1]
      [GC Worker Total (ms): Min: 0,6, Avg: 8,4, Max: 15,3, Diff: 14,7, Sum: 67,2]
      [GC Worker End (ms): Min: 23893696,9, Avg: 23893697,0, Max: 23893697,0, Diff: 0,1]
   [Code Root Fixup: 0,1 ms]
   [Code Root Purge: 0,0 ms]
   [Clear CT: 0,2 ms]
   [Other: 15,2 ms]
      [Choose CSet: 0,0 ms]
      [Ref Proc: 14,6 ms]
      [Ref Enq: 0,0 ms]
      [Redirty Cards: 0,3 ms]
      [Humongous Register: 0,0 ms]
      [Humongous Reclaim: 0,0 ms]
      [Free CSet: 0,1 ms]
   [Eden: 130,0M(130,0M)->0,0B(44,0M) Survivors: 7168,0K->7168,0K Heap: 279,8M(1024,0M)->149,5M(1024,0M)]
 [Times: user=0,09 sys=0,00, real=0,03 secs] 
2016-05-12T16:27:10.127-0300: 24072,199: [GC pause (G1 Evacuation Pause) (young), 0,0287234 secs]
   [Parallel Time: 12,7 ms, GC Workers: 8]
      [GC Worker Start (ms): Min: 24072199,1, Avg: 24072202,6, Max: 24072211,6, Diff: 12,5]
      [Ext Root Scanning (ms): Min: 0,0, Avg: 0,9, Max: 1,5, Diff: 1,5, Sum: 7,4]
      [Update RS (ms): Min: 0,0, Avg: 1,1, Max: 1,8, Diff: 1,8, Sum: 8,8]
         [Processed Buffers: Min: 0, Avg: 5,4, Max: 19, Diff: 19, Sum: 43]
      [Scan RS (ms): Min: 0,0, Avg: 0,0, Max: 0,0, Diff: 0,0, Sum: 0,1]
      [Code Root Scanning (ms): Min: 0,0, Avg: 0,0, Max: 0,1, Diff: 0,1, Sum: 0,1]
      [Object Copy (ms): Min: 0,0, Avg: 6,8, Max: 9,1, Diff: 9,1, Sum: 54,5]
      [Termination (ms): Min: 0,0, Avg: 0,1, Max: 0,2, Diff: 0,2, Sum: 1,0]
         [Termination Attempts: Min: 1, Avg: 68,2, Max: 103, Diff: 102, Sum: 546]
      [GC Worker Other (ms): Min: 0,0, Avg: 0,0, Max: 0,0, Diff: 0,0, Sum: 0,1]
      [GC Worker Total (ms): Min: 0,0, Avg: 9,0, Max: 12,5, Diff: 12,5, Sum: 72,0]
      [GC Worker End (ms): Min: 24072211,6, Avg: 24072211,6, Max: 24072211,7, Diff: 0,1]
   [Code Root Fixup: 0,1 ms]
   [Code Root Purge: 0,0 ms]
   [Clear CT: 2,2 ms]
   [Other: 13,8 ms]
      [Choose CSet: 0,0 ms]
      [Ref Proc: 13,2 ms]
      [Ref Enq: 0,0 ms]
      [Redirty Cards: 0,3 ms]
      [Humongous Register: 0,0 ms]
      [Humongous Reclaim: 0,0 ms]
      [Free CSet: 0,1 ms]
   [Eden: 44,0M(44,0M)->0,0B(46,0M) Survivors: 7168,0K->5120,0K Heap: 193,5M(1024,0M)->149,1M(1024,0M)]
 [Times: user=0,12 sys=0,00, real=0,03 secs] 
2016-05-12T16:29:52.331-0300: 24234,402: [GC pause (G1 Evacuation Pause) (young), 0,0153428 secs]
   [Parallel Time: 10,7 ms, GC Workers: 8]
      [GC Worker Start (ms): Min: 24234402,4, Avg: 24234407,6, Max: 24234412,8, Diff: 10,5]
      [Ext Root Scanning (ms): Min: 0,0, Avg: 0,7, Max: 1,4, Diff: 1,4, Sum: 5,4]
      [Update RS (ms): Min: 0,0, Avg: 1,1, Max: 2,3, Diff: 2,3, Sum: 9,1]
         [Processed Buffers: Min: 0, Avg: 5,2, Max: 14, Diff: 14, Sum: 42]
      [Scan RS (ms): Min: 0,0, Avg: 0,0, Max: 0,0, Diff: 0,0, Sum: 0,1]
      [Code Root Scanning (ms): Min: 0,0, Avg: 0,0, Max: 0,0, Diff: 0,0, Sum: 0,0]
      [Object Copy (ms): Min: 0,0, Avg: 3,2, Max: 6,3, Diff: 6,3, Sum: 25,3]
      [Termination (ms): Min: 0,0, Avg: 0,3, Max: 0,5, Diff: 0,5, Sum: 2,1]
         [Termination Attempts: Min: 1, Avg: 12,6, Max: 46, Diff: 45, Sum: 101]
      [GC Worker Other (ms): Min: 0,0, Avg: 0,0, Max: 0,0, Diff: 0,0, Sum: 0,1]
      [GC Worker Total (ms): Min: 0,0, Avg: 5,3, Max: 10,6, Diff: 10,5, Sum: 42,2]
      [GC Worker End (ms): Min: 24234412,9, Avg: 24234412,9, Max: 24234412,9, Diff: 0,1]
   [Code Root Fixup: 0,1 ms]
   [Code Root Purge: 0,0 ms]
   [Clear CT: 0,1 ms]
   [Other: 4,4 ms]
      [Choose CSet: 0,0 ms]
      [Ref Proc: 3,9 ms]
      [Ref Enq: 0,0 ms]
      [Redirty Cards: 0,1 ms]
      [Humongous Register: 0,0 ms]
      [Humongous Reclaim: 0,0 ms]
      [Free CSet: 0,1 ms]
   [Eden: 46,0M(46,0M)->0,0B(47,0M) Survivors: 5120,0K->4096,0K Heap: 195,1M(1024,0M)->147,7M(1024,0M)]
 [Times: user=0,06 sys=0,00, real=0,02 secs] 
2016-05-12T16:32:37.546-0300: 24399,618: [GC pause (G1 Evacuation Pause) (young), 0,0112429 secs]
   [Parallel Time: 9,7 ms, GC Workers: 8]
      [GC Worker Start (ms): Min: 24399617,9, Avg: 24399620,5, Max: 24399625,0, Diff: 7,1]
      [Ext Root Scanning (ms): Min: 0,0, Avg: 2,0, Max: 8,4, Diff: 8,4, Sum: 15,8]
      [Update RS (ms): Min: 0,0, Avg: 0,5, Max: 1,4, Diff: 1,4, Sum: 4,1]
         [Processed Buffers: Min: 0, Avg: 4,6, Max: 18, Diff: 18, Sum: 37]
      [Scan RS (ms): Min: 0,0, Avg: 0,0, Max: 0,0, Diff: 0,0, Sum: 0,1]
      [Code Root Scanning (ms): Min: 0,0, Avg: 0,0, Max: 0,0, Diff: 0,0, Sum: 0,0]
      [Object Copy (ms): Min: 0,0, Avg: 3,4, Max: 6,9, Diff: 6,9, Sum: 27,6]
      [Termination (ms): Min: 0,0, Avg: 1,0, Max: 1,2, Diff: 1,2, Sum: 8,4]
         [Termination Attempts: Min: 1, Avg: 20,6, Max: 35, Diff: 34, Sum: 165]
      [GC Worker Other (ms): Min: 0,0, Avg: 0,0, Max: 0,0, Diff: 0,0, Sum: 0,1]
      [GC Worker Total (ms): Min: 2,5, Avg: 7,0, Max: 9,6, Diff: 7,1, Sum: 56,1]
      [GC Worker End (ms): Min: 24399627,5, Avg: 24399627,5, Max: 24399627,5, Diff: 0,0]
   [Code Root Fixup: 0,1 ms]
   [Code Root Purge: 0,0 ms]
   [Clear CT: 0,1 ms]
   [Other: 1,3 ms]
      [Choose CSet: 0,0 ms]
      [Ref Proc: 0,8 ms]
      [Ref Enq: 0,0 ms]
      [Redirty Cards: 0,1 ms]
      [Humongous Register: 0,0 ms]
      [Humongous Reclaim: 0,0 ms]
      [Free CSet: 0,1 ms]
   [Eden: 47,0M(47,0M)->0,0B(81,0M) Survivors: 4096,0K->6144,0K Heap: 194,7M(1024,0M)->149,5M(1024,0M)]
 [Times: user=0,05 sys=0,00, real=0,01 secs] 
2016-05-12T16:37:22.498-0300: 24684,570: [GC pause (G1 Evacuation Pause) (young), 0,0138558 secs]
   [Parallel Time: 10,9 ms, GC Workers: 8]
      [GC Worker Start (ms): Min: 24684569,8, Avg: 24684571,9, Max: 24684574,9, Diff: 5,1]
      [Ext Root Scanning (ms): Min: 0,0, Avg: 0,8, Max: 1,7, Diff: 1,7, Sum: 6,6]
      [Update RS (ms): Min: 0,0, Avg: 1,0, Max: 2,1, Diff: 2,1, Sum: 8,3]
         [Processed Buffers: Min: 0, Avg: 5,8, Max: 19, Diff: 19, Sum: 46]
      [Scan RS (ms): Min: 0,0, Avg: 0,0, Max: 0,1, Diff: 0,1, Sum: 0,2]
      [Code Root Scanning (ms): Min: 0,0, Avg: 0,0, Max: 0,1, Diff: 0,1, Sum: 0,1]
      [Object Copy (ms): Min: 5,5, Avg: 6,7, Max: 7,2, Diff: 1,7, Sum: 53,4]
      [Termination (ms): Min: 0,0, Avg: 0,1, Max: 0,1, Diff: 0,1, Sum: 0,7]
         [Termination Attempts: Min: 1, Avg: 9,9, Max: 13, Diff: 12, Sum: 79]
      [GC Worker Other (ms): Min: 0,0, Avg: 0,0, Max: 0,0, Diff: 0,0, Sum: 0,2]
      [GC Worker Total (ms): Min: 5,6, Avg: 8,7, Max: 10,7, Diff: 5,1, Sum: 69,3]
      [GC Worker End (ms): Min: 24684580,5, Avg: 24684580,5, Max: 24684580,5, Diff: 0,0]
   [Code Root Fixup: 0,1 ms]
   [Code Root Purge: 0,0 ms]
   [Clear CT: 0,1 ms]
   [Other: 2,8 ms]
      [Choose CSet: 0,0 ms]
      [Ref Proc: 2,2 ms]
      [Ref Enq: 0,0 ms]
      [Redirty Cards: 0,1 ms]
      [Humongous Register: 0,0 ms]
      [Humongous Reclaim: 0,0 ms]
      [Free CSet: 0,1 ms]
   [Eden: 81,0M(81,0M)->0,0B(255,0M) Survivors: 6144,0K->5120,0K Heap: 230,5M(1024,0M)->148,8M(1024,0M)]
 [Times: user=0,08 sys=0,00, real=0,01 secs] 
2016-05-12T16:52:15.798-0300: 25577,870: [GC pause (G1 Evacuation Pause) (young), 0,0302084 secs]
   [Parallel Time: 19,6 ms, GC Workers: 8]
      [GC Worker Start (ms): Min: 25577869,8, Avg: 25577873,3, Max: 25577880,9, Diff: 11,1]
      [Ext Root Scanning (ms): Min: 0,0, Avg: 0,8, Max: 1,7, Diff: 1,7, Sum: 6,5]
      [Update RS (ms): Min: 0,0, Avg: 1,0, Max: 1,9, Diff: 1,9, Sum: 7,9]
         [Processed Buffers: Min: 0, Avg: 5,6, Max: 18, Diff: 18, Sum: 45]
      [Scan RS (ms): Min: 0,0, Avg: 0,1, Max: 0,2, Diff: 0,2, Sum: 0,7]
      [Code Root Scanning (ms): Min: 0,0, Avg: 0,0, Max: 0,1, Diff: 0,1, Sum: 0,1]
      [Object Copy (ms): Min: 0,3, Avg: 7,0, Max: 16,0, Diff: 15,7, Sum: 56,2]
      [Termination (ms): Min: 0,0, Avg: 7,0, Max: 8,1, Diff: 8,1, Sum: 56,2]
         [Termination Attempts: Min: 1, Avg: 49,5, Max: 81, Diff: 80, Sum: 396]
      [GC Worker Other (ms): Min: 0,0, Avg: 0,0, Max: 0,1, Diff: 0,1, Sum: 0,3]
      [GC Worker Total (ms): Min: 8,4, Avg: 16,0, Max: 19,4, Diff: 11,1, Sum: 127,8]
      [GC Worker End (ms): Min: 25577889,3, Avg: 25577889,3, Max: 25577889,3, Diff: 0,1]
   [Code Root Fixup: 0,1 ms]
   [Code Root Purge: 0,0 ms]
   [Clear CT: 0,2 ms]
   [Other: 10,4 ms]
      [Choose CSet: 0,0 ms]
      [Ref Proc: 9,8 ms]
      [Ref Enq: 0,0 ms]
      [Redirty Cards: 0,1 ms]
      [Humongous Register: 0,0 ms]
      [Humongous Reclaim: 0,0 ms]
      [Free CSet: 0,2 ms]
   [Eden: 255,0M(255,0M)->0,0B(82,0M) Survivors: 5120,0K->5120,0K Heap: 403,8M(1024,0M)->148,8M(1024,0M)]
 [Times: user=0,16 sys=0,00, real=0,03 secs] 
2016-05-12T16:57:02.916-0300: 25864,987: [GC pause (G1 Evacuation Pause) (young), 0,0148464 secs]
   [Parallel Time: 13,6 ms, GC Workers: 8]
      [GC Worker Start (ms): Min: 25864987,5, Avg: 25864988,2, Max: 25864992,9, Diff: 5,5]
      [Ext Root Scanning (ms): Min: 0,0, Avg: 1,2, Max: 1,5, Diff: 1,5, Sum: 9,9]
      [Update RS (ms): Min: 0,0, Avg: 0,8, Max: 1,6, Diff: 1,6, Sum: 6,2]
         [Processed Buffers: Min: 0, Avg: 5,1, Max: 29, Diff: 29, Sum: 41]
      [Scan RS (ms): Min: 0,0, Avg: 0,0, Max: 0,1, Diff: 0,1, Sum: 0,2]
      [Code Root Scanning (ms): Min: 0,0, Avg: 0,0, Max: 0,0, Diff: 0,0, Sum: 0,1]
      [Object Copy (ms): Min: 4,9, Avg: 8,0, Max: 10,7, Diff: 5,7, Sum: 64,0]
      [Termination (ms): Min: 0,0, Avg: 2,6, Max: 3,0, Diff: 3,0, Sum: 20,7]
         [Termination Attempts: Min: 1, Avg: 34,6, Max: 86, Diff: 85, Sum: 277]
      [GC Worker Other (ms): Min: 0,0, Avg: 0,0, Max: 0,0, Diff: 0,0, Sum: 0,2]
      [GC Worker Total (ms): Min: 7,9, Avg: 12,7, Max: 13,4, Diff: 5,5, Sum: 101,3]
      [GC Worker End (ms): Min: 25865000,8, Avg: 25865000,9, Max: 25865000,9, Diff: 0,0]
   [Code Root Fixup: 0,1 ms]
   [Code Root Purge: 0,0 ms]
   [Clear CT: 0,2 ms]
   [Other: 1,0 ms]
      [Choose CSet: 0,0 ms]
      [Ref Proc: 0,4 ms]
      [Ref Enq: 0,0 ms]
      [Redirty Cards: 0,2 ms]
      [Humongous Register: 0,0 ms]
      [Humongous Reclaim: 0,0 ms]
      [Free CSet: 0,2 ms]
   [Eden: 82,0M(82,0M)->0,0B(292,0M) Survivors: 5120,0K->5120,0K Heap: 230,8M(1024,0M)->149,0M(1024,0M)]
 [Times: user=0,07 sys=0,01, real=0,01 secs] 
2016-05-12T17:15:13.181-0300: 26955,252: [GC pause (G1 Evacuation Pause) (young), 0,0101578 secs]
   [Parallel Time: 6,3 ms, GC Workers: 8]
      [GC Worker Start (ms): Min: 26955252,4, Avg: 26955252,6, Max: 26955253,0, Diff: 0,6]
      [Ext Root Scanning (ms): Min: 0,7, Avg: 1,0, Max: 1,3, Diff: 0,6, Sum: 8,2]
      [Update RS (ms): Min: 0,5, Avg: 0,8, Max: 1,1, Diff: 0,5, Sum: 6,2]
         [Processed Buffers: Min: 1, Avg: 5,5, Max: 18, Diff: 17, Sum: 44]
      [Scan RS (ms): Min: 0,0, Avg: 0,1, Max: 0,3, Diff: 0,3, Sum: 1,1]
      [Code Root Scanning (ms): Min: 0,0, Avg: 0,0, Max: 0,1, Diff: 0,1, Sum: 0,1]
      [Object Copy (ms): Min: 3,7, Avg: 3,9, Max: 3,9, Diff: 0,2, Sum: 30,9]
      [Termination (ms): Min: 0,0, Avg: 0,0, Max: 0,1, Diff: 0,1, Sum: 0,3]
         [Termination Attempts: Min: 1, Avg: 36,9, Max: 47, Diff: 46, Sum: 295]
      [GC Worker Other (ms): Min: 0,0, Avg: 0,1, Max: 0,2, Diff: 0,2, Sum: 0,4]
      [GC Worker Total (ms): Min: 5,6, Avg: 5,9, Max: 6,2, Diff: 0,6, Sum: 47,2]
      [GC Worker End (ms): Min: 26955258,5, Avg: 26955258,6, Max: 26955258,7, Diff: 0,2]
   [Code Root Fixup: 0,0 ms]
   [Code Root Purge: 0,0 ms]
   [Clear CT: 0,5 ms]
   [Other: 3,3 ms]
      [Choose CSet: 0,0 ms]
      [Ref Proc: 2,6 ms]
      [Ref Enq: 0,0 ms]
      [Redirty Cards: 0,2 ms]
      [Humongous Register: 0,0 ms]
      [Humongous Reclaim: 0,0 ms]
      [Free CSet: 0,3 ms]
   [Eden: 292,0M(292,0M)->0,0B(610,0M) Survivors: 5120,0K->4096,0K Heap: 441,0M(1024,0M)->147,8M(1024,0M)]
 [Times: user=0,06 sys=0,00, real=0,01 secs] 
2016-05-12T17:45:31.241-0300: 28773,313: [GC pause (G1 Evacuation Pause) (young), 0,0141481 secs]
   [Parallel Time: 7,8 ms, GC Workers: 8]
      [GC Worker Start (ms): Min: 28773313,0, Avg: 28773315,0, Max: 28773320,6, Diff: 7,7]
      [Ext Root Scanning (ms): Min: 0,0, Avg: 0,7, Max: 1,1, Diff: 1,1, Sum: 5,5]
      [Update RS (ms): Min: 0,0, Avg: 0,7, Max: 1,4, Diff: 1,4, Sum: 5,5]
         [Processed Buffers: Min: 0, Avg: 6,0, Max: 24, Diff: 24, Sum: 48]
      [Scan RS (ms): Min: 0,0, Avg: 0,3, Max: 0,5, Diff: 0,5, Sum: 2,2]
      [Code Root Scanning (ms): Min: 0,0, Avg: 0,0, Max: 0,1, Diff: 0,1, Sum: 0,2]
      [Object Copy (ms): Min: 0,0, Avg: 3,9, Max: 4,9, Diff: 4,9, Sum: 31,5]
      [Termination (ms): Min: 0,0, Avg: 0,1, Max: 0,1, Diff: 0,1, Sum: 0,6]
         [Termination Attempts: Min: 1, Avg: 7,9, Max: 13, Diff: 12, Sum: 63]
      [GC Worker Other (ms): Min: 0,0, Avg: 0,0, Max: 0,1, Diff: 0,0, Sum: 0,3]
      [GC Worker Total (ms): Min: 0,0, Avg: 5,7, Max: 7,7, Diff: 7,7, Sum: 45,9]
      [GC Worker End (ms): Min: 28773320,7, Avg: 28773320,7, Max: 28773320,7, Diff: 0,0]
   [Code Root Fixup: 0,1 ms]
   [Code Root Purge: 0,0 ms]
   [Clear CT: 0,6 ms]
   [Other: 5,6 ms]
      [Choose CSet: 0,0 ms]
      [Ref Proc: 4,5 ms]
      [Ref Enq: 0,0 ms]
      [Redirty Cards: 0,1 ms]
      [Humongous Register: 0,0 ms]
      [Humongous Reclaim: 0,0 ms]
      [Free CSet: 0,7 ms]
   [Eden: 610,0M(610,0M)->0,0B(609,0M) Survivors: 4096,0K->5120,0K Heap: 757,8M(1024,0M)->149,1M(1024,0M)]
 [Times: user=0,07 sys=0,01, real=0,02 secs] 
2016-05-12T17:54:22.704-0300: 29304,775: [GC pause (G1 Evacuation Pause) (young), 0,0179347 secs]
   [Parallel Time: 15,5 ms, GC Workers: 8]
      [GC Worker Start (ms): Min: 29304775,2, Avg: 29304778,3, Max: 29304784,9, Diff: 9,7]
      [Ext Root Scanning (ms): Min: 0,0, Avg: 0,4, Max: 1,1, Diff: 1,1, Sum: 3,3]
      [Update RS (ms): Min: 0,0, Avg: 0,8, Max: 1,8, Diff: 1,8, Sum: 6,1]
         [Processed Buffers: Min: 0, Avg: 5,6, Max: 21, Diff: 21, Sum: 45]
      [Scan RS (ms): Min: 0,0, Avg: 0,4, Max: 0,6, Diff: 0,6, Sum: 3,0]
      [Code Root Scanning (ms): Min: 0,0, Avg: 0,0, Max: 0,1, Diff: 0,1, Sum: 0,3]
      [Object Copy (ms): Min: 0,3, Avg: 6,1, Max: 12,2, Diff: 11,9, Sum: 48,8]
      [Termination (ms): Min: 0,0, Avg: 4,5, Max: 5,2, Diff: 5,2, Sum: 35,7]
         [Termination Attempts: Min: 1, Avg: 42,0, Max: 74, Diff: 73, Sum: 336]
      [GC Worker Other (ms): Min: 0,0, Avg: 0,0, Max: 0,1, Diff: 0,0, Sum: 0,3]
      [GC Worker Total (ms): Min: 5,5, Avg: 12,2, Max: 15,2, Diff: 9,7, Sum: 97,3]
      [GC Worker End (ms): Min: 29304790,4, Avg: 29304790,5, Max: 29304790,7, Diff: 0,2]
   [Code Root Fixup: 0,1 ms]
   [Code Root Purge: 0,0 ms]
   [Clear CT: 0,5 ms]
   [Other: 1,9 ms]
      [Choose CSet: 0,0 ms]
      [Ref Proc: 0,9 ms]
      [Ref Enq: 0,0 ms]
      [Redirty Cards: 0,2 ms]
      [Humongous Register: 0,0 ms]
      [Humongous Reclaim: 0,0 ms]
      [Free CSet: 0,6 ms]
   [Eden: 609,0M(609,0M)->0,0B(606,0M) Survivors: 5120,0K->8192,0K Heap: 758,1M(1024,0M)->151,6M(1024,0M)]
 [Times: user=0,10 sys=0,00, real=0,02 secs] 
2016-05-12T17:56:27.267-0300: 29429,338: [GC pause (G1 Evacuation Pause) (young), 0,0105192 secs]
   [Parallel Time: 9,1 ms, GC Workers: 8]
      [GC Worker Start (ms): Min: 29429338,3, Avg: 29429339,0, Max: 29429341,0, Diff: 2,7]
      [Ext Root Scanning (ms): Min: 0,0, Avg: 0,9, Max: 1,2, Diff: 1,2, Sum: 7,0]
      [Update RS (ms): Min: 0,0, Avg: 0,8, Max: 1,4, Diff: 1,4, Sum: 6,3]
         [Processed Buffers: Min: 0, Avg: 5,6, Max: 17, Diff: 17, Sum: 45]
      [Scan RS (ms): Min: 0,1, Avg: 0,8, Max: 4,5, Diff: 4,4, Sum: 6,8]
      [Code Root Scanning (ms): Min: 0,0, Avg: 0,0, Max: 0,1, Diff: 0,1, Sum: 0,2]
      [Object Copy (ms): Min: 2,3, Avg: 5,7, Max: 6,2, Diff: 3,9, Sum: 45,5]
      [Termination (ms): Min: 0,0, Avg: 0,1, Max: 0,1, Diff: 0,1, Sum: 0,5]
         [Termination Attempts: Min: 1, Avg: 28,4, Max: 46, Diff: 45, Sum: 227]
      [GC Worker Other (ms): Min: 0,0, Avg: 0,0, Max: 0,0, Diff: 0,0, Sum: 0,2]
      [GC Worker Total (ms): Min: 6,3, Avg: 8,3, Max: 9,0, Diff: 2,7, Sum: 66,5]
      [GC Worker End (ms): Min: 29429347,3, Avg: 29429347,3, Max: 29429347,3, Diff: 0,1]
   [Code Root Fixup: 0,1 ms]
   [Code Root Purge: 0,0 ms]
   [Clear CT: 0,4 ms]
   [Other: 0,9 ms]
      [Choose CSet: 0,0 ms]
      [Ref Proc: 0,2 ms]
      [Ref Enq: 0,0 ms]
      [Redirty Cards: 0,1 ms]
      [Humongous Register: 0,0 ms]
      [Humongous Reclaim: 0,0 ms]
      [Free CSet: 0,4 ms]
   [Eden: 606,0M(606,0M)->0,0B(606,0M) Survivors: 8192,0K->8192,0K Heap: 757,6M(1024,0M)->151,6M(1024,0M)]
 [Times: user=0,06 sys=0,00, real=0,01 secs] 
2016-05-12T17:58:16.212-0300: 29538,284: [GC pause (G1 Evacuation Pause) (young), 0,0140379 secs]
   [Parallel Time: 11,2 ms, GC Workers: 8]
      [GC Worker Start (ms): Min: 29538283,8, Avg: 29538284,1, Max: 29538284,9, Diff: 1,1]
      [Ext Root Scanning (ms): Min: 0,2, Avg: 1,0, Max: 1,4, Diff: 1,1, Sum: 8,3]
      [Update RS (ms): Min: 0,9, Avg: 1,7, Max: 3,7, Diff: 2,9, Sum: 13,3]
         [Processed Buffers: Min: 0, Avg: 4,8, Max: 19, Diff: 19, Sum: 38]
      [Scan RS (ms): Min: 0,0, Avg: 0,4, Max: 0,6, Diff: 0,6, Sum: 3,1]
      [Code Root Scanning (ms): Min: 0,0, Avg: 0,0, Max: 0,1, Diff: 0,1, Sum: 0,4]
      [Object Copy (ms): Min: 4,1, Avg: 6,3, Max: 8,2, Diff: 4,0, Sum: 50,2]
      [Termination (ms): Min: 0,0, Avg: 1,4, Max: 1,9, Diff: 1,9, Sum: 11,2]
         [Termination Attempts: Min: 1, Avg: 6,0, Max: 9, Diff: 8, Sum: 48]
      [GC Worker Other (ms): Min: 0,0, Avg: 0,0, Max: 0,0, Diff: 0,0, Sum: 0,2]
      [GC Worker Total (ms): Min: 10,0, Avg: 10,8, Max: 11,1, Diff: 1,1, Sum: 86,6]
      [GC Worker End (ms): Min: 29538294,9, Avg: 29538294,9, Max: 29538295,0, Diff: 0,0]
   [Code Root Fixup: 0,1 ms]
   [Code Root Purge: 0,0 ms]
   [Clear CT: 0,4 ms]
   [Other: 2,3 ms]
      [Choose CSet: 0,0 ms]
      [Ref Proc: 1,3 ms]
      [Ref Enq: 0,0 ms]
      [Redirty Cards: 0,2 ms]
      [Humongous Register: 0,0 ms]
      [Humongous Reclaim: 0,0 ms]
      [Free CSet: 0,6 ms]
   [Eden: 606,0M(606,0M)->0,0B(609,0M) Survivors: 8192,0K->5120,0K Heap: 757,6M(1024,0M)->149,0M(1024,0M)]
 [Times: user=0,08 sys=0,00, real=0,02 secs] 
2016-05-12T18:00:09.240-0300: 29651,311: [GC pause (G1 Evacuation Pause) (young), 0,0093902 secs]
   [Parallel Time: 7,3 ms, GC Workers: 8]
      [GC Worker Start (ms): Min: 29651311,6, Avg: 29651311,7, Max: 29651311,7, Diff: 0,1]
      [Ext Root Scanning (ms): Min: 1,1, Avg: 1,1, Max: 1,2, Diff: 0,1, Sum: 8,9]
      [Update RS (ms): Min: 0,6, Avg: 0,8, Max: 1,4, Diff: 0,8, Sum: 6,5]
         [Processed Buffers: Min: 1, Avg: 5,5, Max: 17, Diff: 16, Sum: 44]
      [Scan RS (ms): Min: 0,0, Avg: 0,5, Max: 0,6, Diff: 0,6, Sum: 3,9]
      [Code Root Scanning (ms): Min: 0,0, Avg: 0,1, Max: 0,1, Diff: 0,1, Sum: 0,4]
      [Object Copy (ms): Min: 4,4, Avg: 4,5, Max: 4,6, Diff: 0,1, Sum: 36,2]
      [Termination (ms): Min: 0,0, Avg: 0,0, Max: 0,0, Diff: 0,0, Sum: 0,2]
         [Termination Attempts: Min: 1, Avg: 25,2, Max: 32, Diff: 31, Sum: 202]
      [GC Worker Other (ms): Min: 0,0, Avg: 0,1, Max: 0,1, Diff: 0,1, Sum: 0,6]
      [GC Worker Total (ms): Min: 7,0, Avg: 7,1, Max: 7,2, Diff: 0,2, Sum: 56,7]
      [GC Worker End (ms): Min: 29651318,7, Avg: 29651318,7, Max: 29651318,8, Diff: 0,1]
   [Code Root Fixup: 0,1 ms]
   [Code Root Purge: 0,0 ms]
   [Clear CT: 0,7 ms]
   [Other: 1,3 ms]
      [Choose CSet: 0,0 ms]
      [Ref Proc: 0,3 ms]
      [Ref Enq: 0,0 ms]
      [Redirty Cards: 0,2 ms]
      [Humongous Register: 0,0 ms]
      [Humongous Reclaim: 0,0 ms]
      [Free CSet: 0,7 ms]
   [Eden: 609,0M(609,0M)->0,0B(607,0M) Survivors: 5120,0K->7168,0K Heap: 758,0M(1024,0M)->151,0M(1024,0M)]
 [Times: user=0,06 sys=0,00, real=0,01 secs] 
2016-05-12T18:01:58.126-0300: 29760,197: [GC pause (G1 Evacuation Pause) (young), 0,0130498 secs]
   [Parallel Time: 10,8 ms, GC Workers: 8]
      [GC Worker Start (ms): Min: 29760197,2, Avg: 29760199,3, Max: 29760204,9, Diff: 7,8]
      [Ext Root Scanning (ms): Min: 0,0, Avg: 0,9, Max: 1,3, Diff: 1,3, Sum: 6,9]
      [Update RS (ms): Min: 0,0, Avg: 0,8, Max: 1,3, Diff: 1,3, Sum: 6,3]
         [Processed Buffers: Min: 0, Avg: 5,0, Max: 11, Diff: 11, Sum: 40]
      [Scan RS (ms): Min: 0,0, Avg: 0,4, Max: 0,7, Diff: 0,6, Sum: 3,4]
      [Code Root Scanning (ms): Min: 0,0, Avg: 0,1, Max: 0,1, Diff: 0,1, Sum: 0,4]
      [Object Copy (ms): Min: 2,0, Avg: 5,7, Max: 7,4, Diff: 5,4, Sum: 45,5]
      [Termination (ms): Min: 0,0, Avg: 0,6, Max: 0,7, Diff: 0,7, Sum: 4,6]
         [Termination Attempts: Min: 1, Avg: 11,6, Max: 22, Diff: 21, Sum: 93]
      [GC Worker Other (ms): Min: 0,0, Avg: 0,1, Max: 0,1, Diff: 0,1, Sum: 0,5]
      [GC Worker Total (ms): Min: 2,8, Avg: 8,5, Max: 10,6, Diff: 7,8, Sum: 67,6]
      [GC Worker End (ms): Min: 29760207,7, Avg: 29760207,7, Max: 29760207,8, Diff: 0,1]
   [Code Root Fixup: 0,1 ms]
   [Code Root Purge: 0,0 ms]
   [Clear CT: 0,5 ms]
   [Other: 1,6 ms]
      [Choose CSet: 0,0 ms]
      [Ref Proc: 0,8 ms]
      [Ref Enq: 0,0 ms]
      [Redirty Cards: 0,1 ms]
      [Humongous Register: 0,0 ms]
      [Humongous Reclaim: 0,0 ms]
      [Free CSet: 0,5 ms]
   [Eden: 607,0M(607,0M)->0,0B(606,0M) Survivors: 7168,0K->8192,0K Heap: 758,0M(1024,0M)->152,0M(1024,0M)]
 [Times: user=0,06 sys=0,01, real=0,01 secs] 
2016-05-12T18:12:52.424-0300: 30414,496: [GC pause (G1 Evacuation Pause) (young), 0,0139623 secs]
   [Parallel Time: 12,2 ms, GC Workers: 8]
      [GC Worker Start (ms): Min: 30414496,0, Avg: 30414498,3, Max: 30414504,9, Diff: 8,9]
      [Ext Root Scanning (ms): Min: 0,0, Avg: 1,0, Max: 1,3, Diff: 1,3, Sum: 7,7]
      [Update RS (ms): Min: 0,0, Avg: 0,8, Max: 1,5, Diff: 1,5, Sum: 6,6]
         [Processed Buffers: Min: 0, Avg: 6,2, Max: 13, Diff: 13, Sum: 50]
      [Scan RS (ms): Min: 0,0, Avg: 0,4, Max: 0,7, Diff: 0,7, Sum: 3,4]
      [Code Root Scanning (ms): Min: 0,0, Avg: 0,0, Max: 0,1, Diff: 0,1, Sum: 0,3]
      [Object Copy (ms): Min: 2,2, Avg: 6,8, Max: 8,9, Diff: 6,8, Sum: 54,1]
      [Termination (ms): Min: 0,0, Avg: 0,7, Max: 0,9, Diff: 0,9, Sum: 5,9]
         [Termination Attempts: Min: 1, Avg: 54,6, Max: 84, Diff: 83, Sum: 437]
      [GC Worker Other (ms): Min: 0,0, Avg: 0,1, Max: 0,1, Diff: 0,1, Sum: 0,5]
      [GC Worker Total (ms): Min: 3,2, Avg: 9,8, Max: 12,1, Diff: 8,9, Sum: 78,6]
      [GC Worker End (ms): Min: 30414508,1, Avg: 30414508,1, Max: 30414508,2, Diff: 0,1]
   [Code Root Fixup: 0,1 ms]
   [Code Root Purge: 0,0 ms]
   [Clear CT: 0,6 ms]
   [Other: 1,1 ms]
      [Choose CSet: 0,0 ms]
      [Ref Proc: 0,4 ms]
      [Ref Enq: 0,0 ms]
      [Redirty Cards: 0,1 ms]
      [Humongous Register: 0,0 ms]
      [Humongous Reclaim: 0,0 ms]
      [Free CSet: 0,4 ms]
   [Eden: 606,0M(606,0M)->0,0B(608,0M) Survivors: 8192,0K->6144,0K Heap: 758,0M(1024,0M)->150,5M(1024,0M)]
 [Times: user=0,08 sys=0,00, real=0,02 secs] 
2016-05-12T18:21:54.624-0300: 30956,696: [GC pause (G1 Evacuation Pause) (young), 0,0110948 secs]
   [Parallel Time: 8,4 ms, GC Workers: 8]
      [GC Worker Start (ms): Min: 30956695,7, Avg: 30956695,8, Max: 30956695,9, Diff: 0,2]
      [Ext Root Scanning (ms): Min: 1,0, Avg: 2,5, Max: 5,7, Diff: 4,7, Sum: 20,0]
      [Update RS (ms): Min: 0,0, Avg: 1,1, Max: 1,8, Diff: 1,8, Sum: 8,6]
         [Processed Buffers: Min: 0, Avg: 6,6, Max: 16, Diff: 16, Sum: 53]
      [Scan RS (ms): Min: 0,0, Avg: 0,4, Max: 0,7, Diff: 0,6, Sum: 3,1]
      [Code Root Scanning (ms): Min: 0,0, Avg: 0,0, Max: 0,1, Diff: 0,1, Sum: 0,3]
      [Object Copy (ms): Min: 2,2, Avg: 4,1, Max: 4,6, Diff: 2,4, Sum: 32,4]
      [Termination (ms): Min: 0,0, Avg: 0,1, Max: 0,1, Diff: 0,1, Sum: 0,7]
         [Termination Attempts: Min: 1, Avg: 4,5, Max: 7, Diff: 6, Sum: 36]
      [GC Worker Other (ms): Min: 0,0, Avg: 0,0, Max: 0,1, Diff: 0,1, Sum: 0,3]
      [GC Worker Total (ms): Min: 8,1, Avg: 8,2, Max: 8,3, Diff: 0,2, Sum: 65,4]
      [GC Worker End (ms): Min: 30956703,9, Avg: 30956703,9, Max: 30956704,0, Diff: 0,1]
   [Code Root Fixup: 0,1 ms]
   [Code Root Purge: 0,0 ms]
   [Clear CT: 1,4 ms]
   [Other: 1,2 ms]
      [Choose CSet: 0,0 ms]
      [Ref Proc: 0,4 ms]
      [Ref Enq: 0,0 ms]
      [Redirty Cards: 0,2 ms]
      [Humongous Register: 0,0 ms]
      [Humongous Reclaim: 0,0 ms]
      [Free CSet: 0,4 ms]
   [Eden: 608,0M(608,0M)->0,0B(607,0M) Survivors: 6144,0K->7168,0K Heap: 758,5M(1024,0M)->151,7M(1024,0M)]
 [Times: user=0,05 sys=0,00, real=0,02 secs] 
2016-05-12T18:23:47.625-0300: 31069,696: [GC pause (G1 Evacuation Pause) (young), 0,0080518 secs]
   [Parallel Time: 6,0 ms, GC Workers: 8]
      [GC Worker Start (ms): Min: 31069696,5, Avg: 31069697,2, Max: 31069700,9, Diff: 4,4]
      [Ext Root Scanning (ms): Min: 0,0, Avg: 1,0, Max: 1,2, Diff: 1,2, Sum: 7,8]
      [Update RS (ms): Min: 0,0, Avg: 0,3, Max: 0,5, Diff: 0,5, Sum: 2,6]
         [Processed Buffers: Min: 0, Avg: 4,6, Max: 12, Diff: 12, Sum: 37]
      [Scan RS (ms): Min: 0,0, Avg: 0,5, Max: 0,6, Diff: 0,6, Sum: 4,1]
      [Code Root Scanning (ms): Min: 0,0, Avg: 0,0, Max: 0,1, Diff: 0,1, Sum: 0,3]
      [Object Copy (ms): Min: 1,1, Avg: 3,1, Max: 3,4, Diff: 2,3, Sum: 24,7]
      [Termination (ms): Min: 0,0, Avg: 0,1, Max: 0,3, Diff: 0,3, Sum: 0,7]
         [Termination Attempts: Min: 1, Avg: 1,2, Max: 2, Diff: 1, Sum: 10]
      [GC Worker Other (ms): Min: 0,0, Avg: 0,0, Max: 0,1, Diff: 0,1, Sum: 0,3]
      [GC Worker Total (ms): Min: 1,3, Avg: 5,1, Max: 5,8, Diff: 4,5, Sum: 40,5]
      [GC Worker End (ms): Min: 31069702,2, Avg: 31069702,2, Max: 31069702,4, Diff: 0,2]
   [Code Root Fixup: 0,1 ms]
   [Code Root Purge: 0,0 ms]
   [Clear CT: 0,6 ms]
   [Other: 1,4 ms]
      [Choose CSet: 0,0 ms]
      [Ref Proc: 0,3 ms]
      [Ref Enq: 0,0 ms]
      [Redirty Cards: 0,2 ms]
      [Humongous Register: 0,0 ms]
      [Humongous Reclaim: 0,0 ms]
      [Free CSet: 0,7 ms]
   [Eden: 607,0M(607,0M)->0,0B(608,0M) Survivors: 7168,0K->6144,0K Heap: 758,7M(1024,0M)->150,5M(1024,0M)]
 [Times: user=0,05 sys=0,00, real=0,01 secs] 
