Java HotSpot(TM) 64-Bit Server VM (25.73-b02) for linux-amd64 JRE (1.8.0_73-b02), built on Jan 29 2016 17:39:45 by "java_re" with gcc 4.3.0 20080428 (Red Hat 4.3.0-8)
Memory: 4k page, physical 15898136k(1106444k free), swap 7811068k(7765524k free)
CommandLine flags: -XX:+DisableExplicitGC -XX:InitialHeapSize=536870912 -XX:InitiatingHeapOccupancyPercent=35 -XX:+ManagementServer -XX:MaxGCPauseMillis=20 -XX:MaxHeapSize=536870912 -XX:+PrintGC -XX:+PrintGCDateStamps -XX:+PrintGCDetails -XX:+PrintGCTimeStamps -XX:+UseCompressedClassPointers -XX:+UseCompressedOops -XX:+UseG1GC 
2016-05-12T10:37:23.746-0300: 3117,336: [GC pause (G1 Evacuation Pause) (young), 0,0200521 secs]
   [Parallel Time: 13,4 ms, GC Workers: 8]
      [GC Worker Start (ms): Min: 3117336,3, Avg: 3117337,3, Max: 3117338,3, Diff: 2,0]
      [Ext Root Scanning (ms): Min: 0,0, Avg: 0,7, Max: 1,5, Diff: 1,5, Sum: 5,4]
      [Update RS (ms): Min: 0,0, Avg: 0,0, Max: 0,0, Diff: 0,0, Sum: 0,0]
         [Processed Buffers: Min: 0, Avg: 0,0, Max: 0, Diff: 0, Sum: 0]
      [Scan RS (ms): Min: 0,0, Avg: 0,0, Max: 0,0, Diff: 0,0, Sum: 0,1]
      [Code Root Scanning (ms): Min: 0,0, Avg: 3,4, Max: 7,5, Diff: 7,5, Sum: 27,1]
      [Object Copy (ms): Min: 0,5, Avg: 5,2, Max: 10,9, Diff: 10,4, Sum: 41,5]
      [Termination (ms): Min: 0,0, Avg: 2,8, Max: 3,5, Diff: 3,4, Sum: 22,1]
         [Termination Attempts: Min: 1, Avg: 35,0, Max: 72, Diff: 71, Sum: 280]
      [GC Worker Other (ms): Min: 0,0, Avg: 0,0, Max: 0,0, Diff: 0,0, Sum: 0,2]
      [GC Worker Total (ms): Min: 10,9, Avg: 12,0, Max: 13,3, Diff: 2,4, Sum: 96,3]
      [GC Worker End (ms): Min: 3117349,3, Avg: 3117349,3, Max: 3117349,7, Diff: 0,4]
   [Code Root Fixup: 0,2 ms]
   [Code Root Purge: 0,0 ms]
   [Clear CT: 0,3 ms]
   [Other: 6,1 ms]
      [Choose CSet: 0,0 ms]
      [Ref Proc: 5,6 ms]
      [Ref Enq: 0,0 ms]
      [Redirty Cards: 0,2 ms]
      [Humongous Register: 0,0 ms]
      [Humongous Reclaim: 0,0 ms]
      [Free CSet: 0,1 ms]
   [Eden: 25,0M(25,0M)->0,0B(21,0M) Survivors: 0,0B->4096,0K Heap: 25,0M(512,0M)->3445,2K(512,0M)]
 [Times: user=0,07 sys=0,02, real=0,02 secs] 
2016-05-12T12:50:54.038-0300: 11127,628: [GC pause (G1 Evacuation Pause) (young), 0,0179874 secs]
   [Parallel Time: 16,6 ms, GC Workers: 8]
      [GC Worker Start (ms): Min: 11127628,4, Avg: 11127630,2, Max: 11127635,8, Diff: 7,4]
      [Ext Root Scanning (ms): Min: 0,0, Avg: 2,8, Max: 11,7, Diff: 11,7, Sum: 22,2]
      [Update RS (ms): Min: 0,0, Avg: 0,0, Max: 0,0, Diff: 0,0, Sum: 0,0]
         [Processed Buffers: Min: 0, Avg: 0,0, Max: 0, Diff: 0, Sum: 0]
      [Scan RS (ms): Min: 0,0, Avg: 0,0, Max: 0,0, Diff: 0,0, Sum: 0,1]
      [Code Root Scanning (ms): Min: 0,0, Avg: 0,1, Max: 0,9, Diff: 0,9, Sum: 0,9]
      [Object Copy (ms): Min: 1,0, Avg: 7,8, Max: 12,7, Diff: 11,7, Sum: 62,6]
      [Termination (ms): Min: 1,2, Avg: 3,8, Max: 6,3, Diff: 5,1, Sum: 30,2]
         [Termination Attempts: Min: 1, Avg: 48,8, Max: 87, Diff: 86, Sum: 390]
      [GC Worker Other (ms): Min: 0,0, Avg: 0,0, Max: 0,0, Diff: 0,0, Sum: 0,3]
      [GC Worker Total (ms): Min: 9,0, Avg: 14,5, Max: 16,4, Diff: 7,4, Sum: 116,3]
      [GC Worker End (ms): Min: 11127644,8, Avg: 11127644,8, Max: 11127644,8, Diff: 0,0]
   [Code Root Fixup: 0,4 ms]
   [Code Root Purge: 0,0 ms]
   [Clear CT: 0,1 ms]
   [Other: 0,9 ms]
      [Choose CSet: 0,0 ms]
      [Ref Proc: 0,5 ms]
      [Ref Enq: 0,1 ms]
      [Redirty Cards: 0,1 ms]
      [Humongous Register: 0,0 ms]
      [Humongous Reclaim: 0,0 ms]
      [Free CSet: 0,1 ms]
   [Eden: 21,0M(21,0M)->0,0B(21,0M) Survivors: 4096,0K->4096,0K Heap: 24,4M(512,0M)->5865,5K(512,0M)]
 [Times: user=0,09 sys=0,02, real=0,02 secs] 
2016-05-12T14:50:03.510-0300: 18277,100: [GC pause (G1 Evacuation Pause) (young), 0,0045164 secs]
   [Parallel Time: 3,5 ms, GC Workers: 8]
      [GC Worker Start (ms): Min: 18277100,4, Avg: 18277100,4, Max: 18277100,5, Diff: 0,1]
      [Ext Root Scanning (ms): Min: 1,0, Avg: 1,1, Max: 1,1, Diff: 0,1, Sum: 8,6]
      [Update RS (ms): Min: 0,7, Avg: 1,1, Max: 2,1, Diff: 1,4, Sum: 8,5]
         [Processed Buffers: Min: 1, Avg: 1,8, Max: 7, Diff: 6, Sum: 14]
      [Scan RS (ms): Min: 0,0, Avg: 0,0, Max: 0,0, Diff: 0,0, Sum: 0,1]
      [Code Root Scanning (ms): Min: 0,0, Avg: 0,0, Max: 0,0, Diff: 0,0, Sum: 0,0]
      [Object Copy (ms): Min: 0,0, Avg: 0,4, Max: 0,6, Diff: 0,6, Sum: 3,2]
      [Termination (ms): Min: 0,0, Avg: 0,7, Max: 0,8, Diff: 0,8, Sum: 5,6]
         [Termination Attempts: Min: 1, Avg: 1,4, Max: 2, Diff: 1, Sum: 11]
      [GC Worker Other (ms): Min: 0,0, Avg: 0,0, Max: 0,0, Diff: 0,0, Sum: 0,1]
      [GC Worker Total (ms): Min: 3,2, Avg: 3,3, Max: 3,3, Diff: 0,1, Sum: 26,2]
      [GC Worker End (ms): Min: 18277103,7, Avg: 18277103,7, Max: 18277103,7, Diff: 0,0]
   [Code Root Fixup: 0,1 ms]
   [Code Root Purge: 0,0 ms]
   [Clear CT: 0,2 ms]
   [Other: 0,8 ms]
      [Choose CSet: 0,0 ms]
      [Ref Proc: 0,4 ms]
      [Ref Enq: 0,0 ms]
      [Redirty Cards: 0,2 ms]
      [Humongous Register: 0,0 ms]
      [Humongous Reclaim: 0,0 ms]
      [Free CSet: 0,0 ms]
   [Eden: 21,0M(21,0M)->0,0B(24,0M) Survivors: 4096,0K->1024,0K Heap: 26,7M(512,0M)->2795,8K(512,0M)]
 [Times: user=0,02 sys=0,01, real=0,01 secs] 
2016-05-12T17:19:44.240-0300: 27257,831: [GC pause (G1 Evacuation Pause) (young), 0,0032449 secs]
   [Parallel Time: 2,4 ms, GC Workers: 8]
      [GC Worker Start (ms): Min: 27257830,9, Avg: 27257831,8, Max: 27257833,1, Diff: 2,2]
      [Ext Root Scanning (ms): Min: 0,0, Avg: 0,7, Max: 1,3, Diff: 1,3, Sum: 5,8]
      [Update RS (ms): Min: 0,0, Avg: 0,0, Max: 0,1, Diff: 0,1, Sum: 0,4]
         [Processed Buffers: Min: 0, Avg: 1,2, Max: 4, Diff: 4, Sum: 10]
      [Scan RS (ms): Min: 0,0, Avg: 0,0, Max: 0,0, Diff: 0,0, Sum: 0,1]
      [Code Root Scanning (ms): Min: 0,0, Avg: 0,0, Max: 0,1, Diff: 0,1, Sum: 0,1]
      [Object Copy (ms): Min: 0,0, Avg: 0,3, Max: 0,6, Diff: 0,6, Sum: 2,8]
      [Termination (ms): Min: 0,0, Avg: 0,2, Max: 0,2, Diff: 0,2, Sum: 1,3]
         [Termination Attempts: Min: 1, Avg: 1,0, Max: 1, Diff: 0, Sum: 8]
      [GC Worker Other (ms): Min: 0,0, Avg: 0,0, Max: 0,0, Diff: 0,0, Sum: 0,1]
      [GC Worker Total (ms): Min: 0,0, Avg: 1,3, Max: 2,2, Diff: 2,2, Sum: 10,6]
      [GC Worker End (ms): Min: 27257833,2, Avg: 27257833,2, Max: 27257833,2, Diff: 0,0]
   [Code Root Fixup: 0,1 ms]
   [Code Root Purge: 0,0 ms]
   [Clear CT: 0,2 ms]
   [Other: 0,6 ms]
      [Choose CSet: 0,0 ms]
      [Ref Proc: 0,2 ms]
      [Ref Enq: 0,0 ms]
      [Redirty Cards: 0,2 ms]
      [Humongous Register: 0,0 ms]
      [Humongous Reclaim: 0,0 ms]
      [Free CSet: 0,0 ms]
   [Eden: 24,0M(24,0M)->0,0B(30,0M) Survivors: 1024,0K->1024,0K Heap: 26,7M(512,0M)->2434,2K(512,0M)]
 [Times: user=0,02 sys=0,00, real=0,00 secs] 
